Archive member included to satisfy reference by file (symbol)

d:/CH573FEVT/LaserRangeFinder/StdPeriphDriver\libISP573.a(ISP573.o)
                              ./StdPeriphDriver/CH57x_flash.o (FLASH_EEPROM_CMD)
d:/wch/mounriver_studio2/resources/app/resources/win32/components/wch/toolchain/risc-v embedded gcc/bin/../lib/gcc/riscv-none-embed/8.2.0/rv32imac/ilp32\libgcc.a(muldf3.o)
                              ./StdPeriphDriver/CH57x_clk.o (__muldf3)
d:/wch/mounriver_studio2/resources/app/resources/win32/components/wch/toolchain/risc-v embedded gcc/bin/../lib/gcc/riscv-none-embed/8.2.0/rv32imac/ilp32\libgcc.a(floatsidf.o)
                              ./StdPeriphDriver/CH57x_clk.o (__floatsidf)
d:/wch/mounriver_studio2/resources/app/resources/win32/components/wch/toolchain/risc-v embedded gcc/bin/../lib/gcc/riscv-none-embed/8.2.0/rv32imac/ilp32\libgcc.a(mulsf3.o)
                              ./StdPeriphDriver/CH57x_clk.o (__mulsf3)
d:/wch/mounriver_studio2/resources/app/resources/win32/components/wch/toolchain/risc-v embedded gcc/bin/../lib/gcc/riscv-none-embed/8.2.0/rv32imac/ilp32\libgcc.a(fixsfsi.o)
                              ./StdPeriphDriver/CH57x_clk.o (__fixsfsi)
d:/wch/mounriver_studio2/resources/app/resources/win32/components/wch/toolchain/risc-v embedded gcc/bin/../lib/gcc/riscv-none-embed/8.2.0/rv32imac/ilp32\libgcc.a(floatsisf.o)
                              ./StdPeriphDriver/CH57x_clk.o (__floatsisf)
d:/wch/mounriver_studio2/resources/app/resources/win32/components/wch/toolchain/risc-v embedded gcc/bin/../lib/gcc/riscv-none-embed/8.2.0/rv32imac/ilp32\libgcc.a(truncdfsf2.o)
                              ./StdPeriphDriver/CH57x_clk.o (__truncdfsf2)
d:/wch/mounriver_studio2/resources/app/resources/win32/components/wch/toolchain/risc-v embedded gcc/bin/../lib/gcc/riscv-none-embed/8.2.0/rv32imac/ilp32\libgcc.a(_clzsi2.o)
                              d:/wch/mounriver_studio2/resources/app/resources/win32/components/wch/toolchain/risc-v embedded gcc/bin/../lib/gcc/riscv-none-embed/8.2.0/rv32imac/ilp32\libgcc.a(muldf3.o) (__clzsi2)
d:/wch/mounriver_studio2/resources/app/resources/win32/components/wch/toolchain/risc-v embedded gcc/bin/../lib/gcc/riscv-none-embed/8.2.0/rv32imac/ilp32\libgcc.a(_clz.o)
                              d:/wch/mounriver_studio2/resources/app/resources/win32/components/wch/toolchain/risc-v embedded gcc/bin/../lib/gcc/riscv-none-embed/8.2.0/rv32imac/ilp32\libgcc.a(_clzsi2.o) (__clz_tab)
d:/wch/mounriver_studio2/resources/app/resources/win32/components/wch/toolchain/risc-v embedded gcc/bin/../lib/gcc/riscv-none-embed/8.2.0/../../../../riscv-none-embed/lib/rv32imac/ilp32\libg_nano.a(lib_a-printf.o)
                              ./src/Main.o (printf)
d:/wch/mounriver_studio2/resources/app/resources/win32/components/wch/toolchain/risc-v embedded gcc/bin/../lib/gcc/riscv-none-embed/8.2.0/../../../../riscv-none-embed/lib/rv32imac/ilp32\libg_nano.a(lib_a-puts.o)
                              ./src/Main.o (puts)
d:/wch/mounriver_studio2/resources/app/resources/win32/components/wch/toolchain/risc-v embedded gcc/bin/../lib/gcc/riscv-none-embed/8.2.0/../../../../riscv-none-embed/lib/rv32imac/ilp32\libg_nano.a(lib_a-wbuf.o)
                              d:/wch/mounriver_studio2/resources/app/resources/win32/components/wch/toolchain/risc-v embedded gcc/bin/../lib/gcc/riscv-none-embed/8.2.0/../../../../riscv-none-embed/lib/rv32imac/ilp32\libg_nano.a(lib_a-puts.o) (__swbuf_r)
d:/wch/mounriver_studio2/resources/app/resources/win32/components/wch/toolchain/risc-v embedded gcc/bin/../lib/gcc/riscv-none-embed/8.2.0/../../../../riscv-none-embed/lib/rv32imac/ilp32\libg_nano.a(lib_a-wsetup.o)
                              d:/wch/mounriver_studio2/resources/app/resources/win32/components/wch/toolchain/risc-v embedded gcc/bin/../lib/gcc/riscv-none-embed/8.2.0/../../../../riscv-none-embed/lib/rv32imac/ilp32\libg_nano.a(lib_a-puts.o) (__swsetup_r)
d:/wch/mounriver_studio2/resources/app/resources/win32/components/wch/toolchain/risc-v embedded gcc/bin/../lib/gcc/riscv-none-embed/8.2.0/../../../../riscv-none-embed/lib/rv32imac/ilp32\libg_nano.a(lib_a-fflush.o)
                              d:/wch/mounriver_studio2/resources/app/resources/win32/components/wch/toolchain/risc-v embedded gcc/bin/../lib/gcc/riscv-none-embed/8.2.0/../../../../riscv-none-embed/lib/rv32imac/ilp32\libg_nano.a(lib_a-wbuf.o) (_fflush_r)
d:/wch/mounriver_studio2/resources/app/resources/win32/components/wch/toolchain/risc-v embedded gcc/bin/../lib/gcc/riscv-none-embed/8.2.0/../../../../riscv-none-embed/lib/rv32imac/ilp32\libg_nano.a(lib_a-findfp.o)
                              d:/wch/mounriver_studio2/resources/app/resources/win32/components/wch/toolchain/risc-v embedded gcc/bin/../lib/gcc/riscv-none-embed/8.2.0/../../../../riscv-none-embed/lib/rv32imac/ilp32\libg_nano.a(lib_a-printf.o) (__sinit)
[...]
Memory Configuration

Name             Origin             Length             Attributes
FLASH            0x0000000000000000 0x0000000000070000 xr
RAM              0x0000000020003800 0x0000000000004800 xrw
*default*        0x0000000000000000 0xffffffffffffffff

Linker script and memory map

LOAD ./src/Main.o
LOAD ./src/TFT.o
LOAD ./StdPeriphDriver/CH57x_adc.o
LOAD ./StdPeriphDriver/CH57x_clk.o
LOAD ./StdPeriphDriver/CH57x_flash.o
LOAD ./StdPeriphDriver/CH57x_gpio.o
LOAD ./StdPeriphDriver/CH57x_pwr.o
LOAD ./StdPeriphDriver/CH57x_spi0.o
LOAD ./StdPeriphDriver/CH57x_sys.o
LOAD ./StdPeriphDriver/CH57x_uart0.o
LOAD ./StdPeriphDriver/CH57x_uart1.o
LOAD ./Startup/startup_CH573.o
LOAD ./RVMSIS/core_riscv.o
LOAD d:/CH573FEVT/LaserRangeFinder/StdPeriphDriver\libISP573.a
LOAD d:/wch/mounriver_studio2/resources/app/resources/win32/components/wch/toolchain/risc-v embedded gcc/bin/../lib/gcc/riscv-none-embed/8.2.0/rv32imac/ilp32\libgcc.a
LOAD d:/wch/mounriver_studio2/resources/app/resources/win32/components/wch/toolchain/risc-v embedded gcc/bin/../lib/gcc/riscv-none-embed/8.2.0/../../../../riscv-none-embed/lib/rv32imac/ilp32\libg_nano.a
LOAD d:/wch/mounriver_studio2/resources/app/resources/win32/components/wch/toolchain/risc-v embedded gcc/bin/../lib/gcc/riscv-none-embed/8.2.0/../../../../riscv-none-embed/lib/rv32imac/ilp32\libc_nano.a
LOAD d:/wch/mounriver_studio2/resources/app/resources/win32/components/wch/toolchain/risc-v embedded gcc/bin/../lib/gcc/riscv-none-embed/8.2.0/rv32imac/ilp32\libgcc.a
START GROUP
LOAD d:/wch/mounriver_studio2/resources/app/resources/win32/components/wch/toolchain/risc-v embedded gcc/bin/../lib/gcc/riscv-none-embed/8.2.0/rv32imac/ilp32\libgcc.a
LOAD d:/wch/mounriver_studio2/resources/app/resources/win32/components/wch/toolchain/risc-v embedded gcc/bin/../lib/gcc/riscv-none-embed/8.2.0/../../../../riscv-none-embed/lib/rv32imac/ilp32\libc_nano.a
LOAD d:/wch/mounriver_studio2/resources/app/resources/win32/components/wch/toolchain/risc-v embedded gcc/bin/../lib/gcc/riscv-none-embed/8.2.0/../../../../riscv-none-embed/lib/rv32imac/ilp32\libnosys.a
END GROUP
START GROUP
LOAD d:/wch/mounriver_studio2/resources/app/resources/win32/components/wch/toolchain/risc-v embedded gcc/bin/../lib/gcc/riscv-none-embed/8.2.0/rv32imac/ilp32\libgcc.a
LOAD d:/wch/mounriver_studio2/resources/app/resources/win32/components/wch/toolchain/risc-v embedded gcc/bin/../lib/gcc/riscv-none-embed/8.2.0/../../../../riscv-none-embed/lib/rv32imac/ilp32\libc_nano.a
LOAD d:/wch/mounriver_studio2/resources/app/resources/win32/components/wch/toolchain/risc-v embedded gcc/bin/../lib/gcc/riscv-none-embed/8.2.0/../../../../riscv-none-embed/lib/rv32imac/ilp32\libnosys.a
END GROUP
                0x0000000000000200                __stack_size = 0x200
                [!provide]                        PROVIDE (_stack_size = __stack_size)

.init           0x0000000000000000        0x4
                0x0000000000000000                _sinit = .
                0x0000000000000000                . = ALIGN (0x4)
 *(SORT_NONE(.init))
 .init          0x0000000000000000        0x4 ./Startup/startup_CH573.o
                0x0000000000000000                _start
                0x0000000000000004                . = ALIGN (0x4)
                0x0000000000000004                _einit = .

.highcodelalign
                0x0000000000000004        0x0
                0x0000000000000004                . = ALIGN (0x4)
                0x0000000000000004                PROVIDE (_highcode_lma = .)

.highcode       0x0000000020003800      0x688 load address 0x0000000000000004
                0x0000000020003800                . = ALIGN (0x4)
                0x0000000020003800                PROVIDE (_highcode_vma_start = .)
 *(.vector)
 .vector        0x0000000020003800       0x90 ./Startup/startup_CH573.o
 *(SORT_NONE(.vector_handler))
 .vector_handler
                0x0000000020003890       0x2c ./Startup/startup_CH573.o
                0x0000000020003890                NMI_Handler
                0x0000000020003894                SysTick_Handler
                0x0000000020003896                SW_Handler
                0x0000000020003898                TMR0_IRQHandler
                0x000000002000389a                GPIOA_IRQHandler
                0x000000002000389c                GPIOB_IRQHandler
                0x000000002000389e                SPI0_IRQHandler
                0x00000000200038a0                BB_IRQHandler
                0x00000000200038a2                LLE_IRQHandler
                0x00000000200038a4                USB_IRQHandler
                0x00000000200038a6                TMR1_IRQHandler
                0x00000000200038a8                TMR2_IRQHandler
                0x00000000200038aa                UART0_IRQHandler
                0x00000000200038ac                UART1_IRQHandler
                0x00000000200038ae                RTC_IRQHandler
                0x00000000200038b0                ADC_IRQHandler
                0x00000000200038b2                PWMX_IRQHandler
                0x00000000200038b4                TMR3_IRQHandler
                0x00000000200038b6                UART2_IRQHandler
                0x00000000200038b8                UART3_IRQHandler
                0x00000000200038ba                WDOG_BAT_IRQHandler
 *(.highcode)
 .highcode      0x00000000200038bc      0x1d0 ./StdPeriphDriver/CH57x_sys.o
                0x00000000200038bc                SetSysClock
                0x00000000200039d4                SYS_ResetExecute
                0x0000000020003a10                HardFault_Handler
                0x0000000020003a56                mDelayuS
                0x0000000020003a64                mDelaymS
 .highcode      0x0000000020003a8c      0x3fa d:/CH573FEVT/LaserRangeFinder/StdPeriphDriver\libISP573.a(ISP573.o)
                0x0000000020003a8c                FLASH_ROM_BEG
                0x0000000020003a9c                FLASH_ROM_END
                0x0000000020003aaa                FLASH_ROM_IN
                0x0000000020003ab8                FLASH_ROM_OUT
                0x0000000020003ac6                FLASH_ROM_ADDR
                0x0000000020003b0e                FLASH_ROM_WAIT
                0x0000000020003b46                FLASH_EEPROM_CMD
 *(.highcode.*)
                0x0000000020003e88                . = ALIGN (0x4)
 *fill*         0x0000000020003e86        0x2 
                0x0000000020003e88                PROVIDE (_highcode_vma_end = .)

.text           0x000000000000068c     0x195c
                0x000000000000068c                . = ALIGN (0x4)
 *(SORT_NONE(.handle_reset))
 .handle_reset  0x000000000000068c       0xca ./Startup/startup_CH573.o
                0x000000000000068c                handle_reset
 *(.text)
 .text          0x0000000000000756       0xa8 d:/wch/mounriver_studio2/resources/app/resources/win32/components/wch/toolchain/risc-v embedded gcc/bin/../lib/gcc/riscv-none-embed/8.2.0/../../../../riscv-none-embed/lib/rv32imac/ilp32\libg_nano.a(lib_a-memset.o)
                0x0000000000000756                memset
 *(.text.*)
 .text.DebugInit
                0x00000000000007fe       0x2a ./src/Main.o
                0x00000000000007fe                DebugInit
 .text.startup.main
                0x0000000000000828      0x138 ./src/Main.o
                0x0000000000000828                main
 .text.GPIOA_ModeCfg
                0x0000000000000960       0xa6 ./StdPeriphDriver/CH57x_gpio.o
                0x0000000000000960                GPIOA_ModeCfg
 .text.SPI0_MasterDefInit
                0x0000000000000a06       0x32 ./StdPeriphDriver/CH57x_spi0.o
                0x0000000000000a06                SPI0_MasterDefInit
 .text.SPI0_MasterSendByte
                0x0000000000000a38       0x24 ./StdPeriphDriver/CH57x_spi0.o
                0x0000000000000a38                SPI0_MasterSendByte
 .text.SPI0_MasterRecvByte
                0x0000000000000a5c       0x2a ./StdPeriphDriver/CH57x_spi0.o
                0x0000000000000a5c                SPI0_MasterRecvByte
 .text.SPI0_MasterTrans
                0x0000000000000a86       0x4c ./StdPeriphDriver/CH57x_spi0.o
                0x0000000000000a86                SPI0_MasterTrans
 .text.SPI0_MasterRecv
                0x0000000000000ad2       0x42 ./StdPeriphDriver/CH57x_spi0.o
                0x0000000000000ad2                SPI0_MasterRecv
 .text.SPI0_MasterDMATrans
                0x0000000000000b14       0x50 ./StdPeriphDriver/CH57x_spi0.o
                0x0000000000000b14                SPI0_MasterDMATrans
 .text.SPI0_MasterDMARecv
                0x0000000000000b64       0x50 ./StdPeriphDriver/CH57x_spi0.o
                0x0000000000000b64                SPI0_MasterDMARecv
 .text.GetSysClock
                0x0000000000000bb4       0x42 ./StdPeriphDriver/CH57x_sys.o
                0x0000000000000bb4                GetSysClock
 .text._write   0x0000000000000bf6       0x28 ./StdPeriphDriver/CH57x_sys.o
                0x0000000000000bf6                _write
 .text._sbrk    0x0000000000000c1e       0x30 ./StdPeriphDriver/CH57x_sys.o
                0x0000000000000c1e                _sbrk
 .text.UART1_BaudRateCfg
                0x0000000000000c4e       0x30 ./StdPeriphDriver/CH57x_uart1.o
                0x0000000000000c4e                UART1_BaudRateCfg
 .text.UART1_DefInit
                0x0000000000000c7e       0x32 ./StdPeriphDriver/CH57x_uart1.o
                0x0000000000000c7e                UART1_DefInit
 .text.printf   0x0000000000000cb0       0x44 d:/wch/mounriver_studio2/resources/app/resources/win32/components/wch/toolchain/risc-v embedded gcc/bin/../lib/gcc/riscv-none-embed/8.2.0/../../../../riscv-none-embed/lib/rv32imac/ilp32\libg_nano.a(lib_a-printf.o)
                0x0000000000000cb0                iprintf
                0x0000000000000cb0                printf
 .text._puts_r  0x0000000000000cf4       0xda d:/wch/mounriver_studio2/resources/app/resources/win32/components/wch/toolchain/risc-v embedded gcc/bin/../lib/gcc/riscv-none-embed/8.2.0/../../../../riscv-none-embed/lib/rv32imac/ilp32\libg_nano.a(lib_a-puts.o)
                0x0000000000000cf4                _puts_r
 .text.puts     0x0000000000000dce        0xe d:/wch/mounriver_studio2/resources/app/resources/win32/components/wch/toolchain/risc-v embedded gcc/bin/../lib/gcc/riscv-none-embed/8.2.0/../../../../riscv-none-embed/lib/rv32imac/ilp32\libg_nano.a(lib_a-puts.o)
                0x0000000000000dce                puts
 .text.__swbuf_r
                0x0000000000000ddc       0xc0 d:/wch/mounriver_studio2/resources/app/resources/win32/components/wch/toolchain/risc-v embedded gcc/bin/../lib/gcc/riscv-none-embed/8.2.0/../../../../riscv-none-embed/lib/rv32imac/ilp32\libg_nano.a(lib_a-wbuf.o)
                0x0000000000000ddc                __swbuf_r
 .text.__swsetup_r
                0x0000000000000e9c      0x110 d:/wch/mounriver_studio2/resources/app/resources/win32/components/wch/toolchain/risc-v embedded gcc/bin/../lib/gcc/riscv-none-embed/8.2.0/../../../../riscv-none-embed/lib/rv32imac/ilp32\libg_nano.a(lib_a-wsetup.o)
                0x0000000000000e9c                __swsetup_r
 .text.__sflush_r
                0x0000000000000fac      0x13c d:/wch/mounriver_studio2/resources/app/resources/win32/components/wch/toolchain/risc-v embedded gcc/bin/../lib/gcc/riscv-none-embed/8.2.0/../../../../riscv-none-embed/lib/rv32imac/ilp32\libg_nano.a(lib_a-fflush.o)
                0x0000000000000fac                __sflush_r
 .text._fflush_r
                0x00000000000010e8       0x64 d:/wch/mounriver_studio2/resources/app/resources/win32/components/wch/toolchain/risc-v embedded gcc/bin/../lib/gcc/riscv-none-embed/8.2.0/../../../../riscv-none-embed/lib/rv32imac/ilp32\libg_nano.a(lib_a-fflush.o)
                0x00000000000010e8                _fflush_r
 .text.std      0x000000000000114c       0x6a d:/wch/mounriver_studio2/resources/app/resources/win32/components/wch/toolchain/risc-v embedded gcc/bin/../lib/gcc/riscv-none-embed/8.2.0/../../../../riscv-none-embed/lib/rv32imac/ilp32\libg_nano.a(lib_a-findfp.o)
 .text._cleanup_r
                0x00000000000011b6        0xa d:/wch/mounriver_studio2/resources/app/resources/win32/components/wch/toolchain/risc-v embedded gcc/bin/../lib/gcc/riscv-none-embed/8.2.0/../../../../riscv-none-embed/lib/rv32imac/ilp32\libg_nano.a(lib_a-findfp.o)
                0x00000000000011b6                _cleanup_r
 .text.__sfmoreglue
                0x00000000000011c0       0x46 d:/wch/mounriver_studio2/resources/app/resources/win32/components/wch/toolchain/risc-v embedded gcc/bin/../lib/gcc/riscv-none-embed/8.2.0/../../../../riscv-none-embed/lib/rv32imac/ilp32\libg_nano.a(lib_a-findfp.o)
                0x00000000000011c0                __sfmoreglue
 .text.__sinit  0x0000000000001206       0x6a d:/wch/mounriver_studio2/resources/app/resources/win32/components/wch/toolchain/risc-v embedded gcc/bin/../lib/gcc/riscv-none-embed/8.2.0/../../../../riscv-none-embed/lib/rv32imac/ilp32\libg_nano.a(lib_a-findfp.o)
                0x0000000000001206                __sinit
 .text.__sfp    0x0000000000001270       0xa0 d:/wch/mounriver_studio2/resources/app/resources/win32/components/wch/toolchain/risc-v embedded gcc/bin/../lib/gcc/riscv-none-embed/8.2.0/../../../../riscv-none-embed/lib/rv32imac/ilp32\libg_nano.a(lib_a-findfp.o)
                0x0000000000001270                __sfp
 .text._fwalk_reent
                0x0000000000001310       0x6c d:/wch/mounriver_studio2/resources/app/resources/win32/components/wch/toolchain/risc-v embedded gcc/bin/../lib/gcc/riscv-none-embed/8.2.0/../../../../riscv-none-embed/lib/rv32imac/ilp32\libg_nano.a(lib_a-fwalk.o)
                0x0000000000001310                _fwalk_reent
 .text.__swhatbuf_r
                0x000000000000137c       0x5a d:/wch/mounriver_studio2/resources/app/resources/win32/components/wch/toolchain/risc-v embedded gcc/bin/../lib/gcc/riscv-none-embed/8.2.0/../../../../riscv-none-embed/lib/rv32imac/ilp32\libg_nano.a(lib_a-makebuf.o)
                0x000000000000137c                __swhatbuf_r
 .text.__smakebuf_r
                0x00000000000013d6       0x9e d:/wch/mounriver_studio2/resources/app/resources/win32/components/wch/toolchain/risc-v embedded gcc/bin/../lib/gcc/riscv-none-embed/8.2.0/../../../../riscv-none-embed/lib/rv32imac/ilp32\libg_nano.a(lib_a-makebuf.o)
                0x00000000000013d6                __smakebuf_r
 .text._free_r  0x0000000000001474       0xb0 d:/wch/mounriver_studio2/resources/app/resources/win32/components/wch/toolchain/risc-v embedded gcc/bin/../lib/gcc/riscv-none-embed/8.2.0/../../../../riscv-none-embed/lib/rv32imac/ilp32\libg_nano.a(lib_a-nano-freer.o)
                0x0000000000001474                _free_r
 .text._malloc_r
                0x0000000000001524       0xd4 d:/wch/mounriver_studio2/resources/app/resources/win32/components/wch/toolchain/risc-v embedded gcc/bin/../lib/gcc/riscv-none-embed/8.2.0/../../../../riscv-none-embed/lib/rv32imac/ilp32\libg_nano.a(lib_a-nano-mallocr.o)
                0x0000000000001524                _malloc_r
 .text.__sfputc_r
                0x00000000000015f8       0x2a d:/wch/mounriver_studio2/resources/app/resources/win32/components/wch/toolchain/risc-v embedded gcc/bin/../lib/gcc/riscv-none-embed/8.2.0/../../../../riscv-none-embed/lib/rv32imac/ilp32\libg_nano.a(lib_a-nano-vfprintf.o)
 .text.__sfputs_r
                0x0000000000001622       0x42 d:/wch/mounriver_studio2/resources/app/resources/win32/components/wch/toolchain/risc-v embedded gcc/bin/../lib/gcc/riscv-none-embed/8.2.0/../../../../riscv-none-embed/lib/rv32imac/ilp32\libg_nano.a(lib_a-nano-vfprintf.o)
                0x0000000000001622                __sfputs_r
 .text._vfprintf_r
                0x0000000000001664      0x298 d:/wch/mounriver_studio2/resources/app/resources/win32/components/wch/toolchain/risc-v embedded gcc/bin/../lib/gcc/riscv-none-embed/8.2.0/../../../../riscv-none-embed/lib/rv32imac/ilp32\libg_nano.a(lib_a-nano-vfprintf.o)
                0x0000000000001664                _vfprintf_r
                0x0000000000001664                _vfiprintf_r
 .text._printf_common
                0x00000000000018fc      0x10c d:/wch/mounriver_studio2/resources/app/resources/win32/components/wch/toolchain/risc-v embedded gcc/bin/../lib/gcc/riscv-none-embed/8.2.0/../../../../riscv-none-embed/lib/rv32imac/ilp32\libg_nano.a(lib_a-nano-vfprintf_i.o)
                0x00000000000018fc                _printf_common
 .text._printf_i
                0x0000000000001a08      0x2a8 d:/wch/mounriver_studio2/resources/app/resources/win32/components/wch/toolchain/risc-v embedded gcc/bin/../lib/gcc/riscv-none-embed/8.2.0/../../../../riscv-none-embed/lib/rv32imac/ilp32\libg_nano.a(lib_a-nano-vfprintf_i.o)
                0x0000000000001a08                _printf_i
 .text._sbrk_r  0x0000000000001cb0       0x2a d:/wch/mounriver_studio2/resources/app/resources/win32/components/wch/toolchain/risc-v embedded gcc/bin/../lib/gcc/riscv-none-embed/8.2.0/../../../../riscv-none-embed/lib/rv32imac/ilp32\libg_nano.a(lib_a-sbrkr.o)
                0x0000000000001cb0                _sbrk_r
 .text.__sread  0x0000000000001cda       0x30 d:/wch/mounriver_studio2/resources/app/resources/win32/components/wch/toolchain/risc-v embedded gcc/bin/../lib/gcc/riscv-none-embed/8.2.0/../../../../riscv-none-embed/lib/rv32imac/ilp32\libg_nano.a(lib_a-stdio.o)
                0x0000000000001cda                __sread
 .text.__swrite
                0x0000000000001d0a       0x4e d:/wch/mounriver_studio2/resources/app/resources/win32/components/wch/toolchain/risc-v embedded gcc/bin/../lib/gcc/riscv-none-embed/8.2.0/../../../../riscv-none-embed/lib/rv32imac/ilp32\libg_nano.a(lib_a-stdio.o)
                0x0000000000001d0a                __swrite
 .text.__sseek  0x0000000000001d58       0x36 d:/wch/mounriver_studio2/resources/app/resources/win32/components/wch/toolchain/risc-v embedded gcc/bin/../lib/gcc/riscv-none-embed/8.2.0/../../../../riscv-none-embed/lib/rv32imac/ilp32\libg_nano.a(lib_a-stdio.o)
                0x0000000000001d58                __sseek
 .text.__sclose
                0x0000000000001d8e        0x6 d:/wch/mounriver_studio2/resources/app/resources/win32/components/wch/toolchain/risc-v embedded gcc/bin/../lib/gcc/riscv-none-embed/8.2.0/../../../../riscv-none-embed/lib/rv32imac/ilp32\libg_nano.a(lib_a-stdio.o)
                0x0000000000001d8e                __sclose
 .text._write_r
                0x0000000000001d94       0x2e d:/wch/mounriver_studio2/resources/app/resources/win32/components/wch/toolchain/risc-v embedded gcc/bin/../lib/gcc/riscv-none-embed/8.2.0/../../../../riscv-none-embed/lib/rv32imac/ilp32\libg_nano.a(lib_a-writer.o)
                0x0000000000001d94                _write_r
 .text._close_r
                0x0000000000001dc2       0x28 d:/wch/mounriver_studio2/resources/app/resources/win32/components/wch/toolchain/risc-v embedded gcc/bin/../lib/gcc/riscv-none-embed/8.2.0/../../../../riscv-none-embed/lib/rv32imac/ilp32\libg_nano.a(lib_a-closer.o)
                0x0000000000001dc2                _close_r
 .text._fstat_r
                0x0000000000001dea       0x2a d:/wch/mounriver_studio2/resources/app/resources/win32/components/wch/toolchain/risc-v embedded gcc/bin/../lib/gcc/riscv-none-embed/8.2.0/../../../../riscv-none-embed/lib/rv32imac/ilp32\libg_nano.a(lib_a-fstatr.o)
                0x0000000000001dea                _fstat_r
 .text._isatty_r
                0x0000000000001e14       0x28 d:/wch/mounriver_studio2/resources/app/resources/win32/components/wch/toolchain/risc-v embedded gcc/bin/../lib/gcc/riscv-none-embed/8.2.0/../../../../riscv-none-embed/lib/rv32imac/ilp32\libg_nano.a(lib_a-isattyr.o)
                0x0000000000001e14                _isatty_r
 .text._lseek_r
                0x0000000000001e3c       0x2c d:/wch/mounriver_studio2/resources/app/resources/win32/components/wch/toolchain/risc-v embedded gcc/bin/../lib/gcc/riscv-none-embed/8.2.0/../../../../riscv-none-embed/lib/rv32imac/ilp32\libg_nano.a(lib_a-lseekr.o)
                0x0000000000001e3c                _lseek_r
 .text.memchr   0x0000000000001e68       0x1a d:/wch/mounriver_studio2/resources/app/resources/win32/components/wch/toolchain/risc-v embedded gcc/bin/../lib/gcc/riscv-none-embed/8.2.0/../../../../riscv-none-embed/lib/rv32imac/ilp32\libg_nano.a(lib_a-memchr.o)
                0x0000000000001e68                memchr
 .text.__malloc_lock
                0x0000000000001e82        0x2 d:/wch/mounriver_studio2/resources/app/resources/win32/components/wch/toolchain/risc-v embedded gcc/bin/../lib/gcc/riscv-none-embed/8.2.0/../../../../riscv-none-embed/lib/rv32imac/ilp32\libg_nano.a(lib_a-mlock.o)
                0x0000000000001e82                __malloc_lock
 .text.__malloc_unlock
                0x0000000000001e84        0x2 d:/wch/mounriver_studio2/resources/app/resources/win32/components/wch/toolchain/risc-v embedded gcc/bin/../lib/gcc/riscv-none-embed/8.2.0/../../../../riscv-none-embed/lib/rv32imac/ilp32\libg_nano.a(lib_a-mlock.o)
                0x0000000000001e84                __malloc_unlock
 .text._read_r  0x0000000000001e86       0x2c d:/wch/mounriver_studio2/resources/app/resources/win32/components/wch/toolchain/risc-v embedded gcc/bin/../lib/gcc/riscv-none-embed/8.2.0/../../../../riscv-none-embed/lib/rv32imac/ilp32\libg_nano.a(lib_a-readr.o)
                0x0000000000001e86                _read_r
 .text._close   0x0000000000001eb2        0xc d:/wch/mounriver_studio2/resources/app/resources/win32/components/wch/toolchain/risc-v embedded gcc/bin/../lib/gcc/riscv-none-embed/8.2.0/../../../../riscv-none-embed/lib/rv32imac/ilp32\libnosys.a(close.o)
                0x0000000000001eb2                _close
 .text._fstat   0x0000000000001ebe        0xc d:/wch/mounriver_studio2/resources/app/resources/win32/components/wch/toolchain/risc-v embedded gcc/bin/../lib/gcc/riscv-none-embed/8.2.0/../../../../riscv-none-embed/lib/rv32imac/ilp32\libnosys.a(fstat.o)
                0x0000000000001ebe                _fstat
 .text._isatty  0x0000000000001eca        0xc d:/wch/mounriver_studio2/resources/app/resources/win32/components/wch/toolchain/risc-v embedded gcc/bin/../lib/gcc/riscv-none-embed/8.2.0/../../../../riscv-none-embed/lib/rv32imac/ilp32\libnosys.a(isatty.o)
                0x0000000000001eca                _isatty
 .text._lseek   0x0000000000001ed6        0xc d:/wch/mounriver_studio2/resources/app/resources/win32/components/wch/toolchain/risc-v embedded gcc/bin/../lib/gcc/riscv-none-embed/8.2.0/../../../../riscv-none-embed/lib/rv32imac/ilp32\libnosys.a(lseek.o)
                0x0000000000001ed6                _lseek
 .text._read    0x0000000000001ee2        0xc d:/wch/mounriver_studio2/resources/app/resources/win32/components/wch/toolchain/risc-v embedded gcc/bin/../lib/gcc/riscv-none-embed/8.2.0/../../../../riscv-none-embed/lib/rv32imac/ilp32\libnosys.a(read.o)
                0x0000000000001ee2                _read
 *(.rodata)
 *(.rodata*)
 *fill*         0x0000000000001eee        0x2 
 .rodata.main.str1.4
                0x0000000000001ef0       0x44 ./src/Main.o
 .rodata.GPIOA_ModeCfg
                0x0000000000001f34       0x14 ./StdPeriphDriver/CH57x_gpio.o
 .rodata.__sf_fake_stderr
                0x0000000000001f48       0x20 d:/wch/mounriver_studio2/resources/app/resources/win32/components/wch/toolchain/risc-v embedded gcc/bin/../lib/gcc/riscv-none-embed/8.2.0/../../../../riscv-none-embed/lib/rv32imac/ilp32\libg_nano.a(lib_a-findfp.o)
                0x0000000000001f48                __sf_fake_stderr
 .rodata.__sf_fake_stdin
                0x0000000000001f68       0x20 d:/wch/mounriver_studio2/resources/app/resources/win32/components/wch/toolchain/risc-v embedded gcc/bin/../lib/gcc/riscv-none-embed/8.2.0/../../../../riscv-none-embed/lib/rv32imac/ilp32\libg_nano.a(lib_a-findfp.o)
                0x0000000000001f68                __sf_fake_stdin
 .rodata.__sf_fake_stdout
                0x0000000000001f88       0x20 d:/wch/mounriver_studio2/resources/app/resources/win32/components/wch/toolchain/risc-v embedded gcc/bin/../lib/gcc/riscv-none-embed/8.2.0/../../../../riscv-none-embed/lib/rv32imac/ilp32\libg_nano.a(lib_a-findfp.o)
                0x0000000000001f88                __sf_fake_stdout
 .rodata._vfprintf_r.str1.4
                0x0000000000001fa8       0x13 d:/wch/mounriver_studio2/resources/app/resources/win32/components/wch/toolchain/risc-v embedded gcc/bin/../lib/gcc/riscv-none-embed/8.2.0/../../../../riscv-none-embed/lib/rv32imac/ilp32\libg_nano.a(lib_a-nano-vfprintf.o)
 *fill*         0x0000000000001fbb        0x1 
 .rodata._printf_i.str1.4
                0x0000000000001fbc       0x28 d:/wch/mounriver_studio2/resources/app/resources/win32/components/wch/toolchain/risc-v embedded gcc/bin/../lib/gcc/riscv-none-embed/8.2.0/../../../../riscv-none-embed/lib/rv32imac/ilp32\libg_nano.a(lib_a-nano-vfprintf_i.o)
                                         0x25 (size before relaxing)
 *(.sdata2.*)
 .sdata2._global_impure_ptr
                0x0000000000001fe4        0x4 d:/wch/mounriver_studio2/resources/app/resources/win32/components/wch/toolchain/risc-v embedded gcc/bin/../lib/gcc/riscv-none-embed/8.2.0/../../../../riscv-none-embed/lib/rv32imac/ilp32\libg_nano.a(lib_a-impure.o)
                0x0000000000001fe4                _global_impure_ptr
 *(.glue_7)
 *(.glue_7t)
 *(.gnu.linkonce.t.*)
                0x0000000000001fe8                . = ALIGN (0x4)

.rela.dyn       0x0000000000001fe8        0x0
 .rela.text._sbrk
                0x0000000000001fe8        0x0 ./src/Main.o
 .rela.sdata.curbrk.3772
                0x0000000000001fe8        0x0 ./src/Main.o
 .rela.init     0x0000000000001fe8        0x0 ./src/Main.o
 .rela.vector   0x0000000000001fe8        0x0 ./src/Main.o
 .rela.handle_reset
                0x0000000000001fe8        0x0 ./src/Main.o
 .rela.text._vfprintf_r
                0x0000000000001fe8        0x0 ./src/Main.o
 .rela.text._sbrk_r
                0x0000000000001fe8        0x0 ./src/Main.o
 .rela.text._write_r
                0x0000000000001fe8        0x0 ./src/Main.o
 .rela.text._close_r
                0x0000000000001fe8        0x0 ./src/Main.o
 .rela.text._fstat_r
                0x0000000000001fe8        0x0 ./src/Main.o
 .rela.text._isatty_r
                0x0000000000001fe8        0x0 ./src/Main.o
 .rela.text._lseek_r
                0x0000000000001fe8        0x0 ./src/Main.o
 .rela.text._read_r
                0x0000000000001fe8        0x0 ./src/Main.o
 .rela.text._close
                0x0000000000001fe8        0x0 ./src/Main.o
 .rela.text._fstat
                0x0000000000001fe8        0x0 ./src/Main.o
 .rela.text._isatty
                0x0000000000001fe8        0x0 ./src/Main.o
 .rela.text._lseek
                0x0000000000001fe8        0x0 ./src/Main.o
 .rela.text._read
                0x0000000000001fe8        0x0 ./src/Main.o

.fini           0x0000000000001fe8        0x0
 *(SORT_NONE(.fini))
                0x0000000000001fe8                . = ALIGN (0x4)
                [!provide]                        PROVIDE (_etext = .)
                [!provide]                        PROVIDE (_eitcm = .)

.preinit_array  0x0000000000001fe8        0x0
                [!provide]                        PROVIDE (__preinit_array_start = .)
 *(.preinit_array)
                [!provide]                        PROVIDE (__preinit_array_end = .)

.init_array     0x0000000000001fe8        0x0
                [!provide]                        PROVIDE (__init_array_start = .)
 *(SORT_BY_INIT_PRIORITY(.init_array.*) SORT_BY_INIT_PRIORITY(.ctors.*))
 *(.init_array EXCLUDE_FILE(*crtend?.o *crtend.o *crtbegin?.o *crtbegin.o) .ctors)
                [!provide]                        PROVIDE (__init_array_end = .)

.fini_array     0x0000000000001fe8        0x0
                [!provide]                        PROVIDE (__fini_array_start = .)
 *(SORT_BY_INIT_PRIORITY(.fini_array.*) SORT_BY_INIT_PRIORITY(.dtors.*))
 *(.fini_array EXCLUDE_FILE(*crtend?.o *crtend.o *crtbegin?.o *crtbegin.o) .dtors)
                [!provide]                        PROVIDE (__fini_array_end = .)

.ctors
 *crtbegin.o(.ctors)
 *crtbegin?.o(.ctors)
 *(EXCLUDE_FILE(*crtend?.o *crtend.o) .ctors)
 *(SORT_BY_NAME(.ctors.*))
 *(.ctors)

.dtors
 *crtbegin.o(.dtors)
 *crtbegin?.o(.dtors)
 *(EXCLUDE_FILE(*crtend?.o *crtend.o) .dtors)
 *(SORT_BY_NAME(.dtors.*))
 *(.dtors)

.dalign         0x0000000020003e88      0x178 load address 0x0000000000001fe8
                0x0000000020004000                . = (ORIGIN (RAM) + MAX (0x800, SIZEOF (.highcode)))
 *fill*         0x0000000020003e88      0x178 

.dlalign        0x0000000000001fe8        0x0
                0x0000000000001fe8                . = ALIGN (0x4)
                0x0000000000001fe8                PROVIDE (_data_lma = .)

.data           0x0000000020004000       0x78 load address 0x0000000000001fe8
                0x0000000020004000                . = ALIGN (0x4)
                0x0000000020004000                PROVIDE (_data_vma = .)
 *(.gnu.linkonce.r.*)
 *(.data .data.*)
 .data.spiBuff  0x0000000020004000       0x10 ./src/Main.o
                0x0000000020004000                spiBuff
 .data.impure_data
                0x0000000020004010       0x60 d:/wch/mounriver_studio2/resources/app/resources/win32/components/wch/toolchain/risc-v embedded gcc/bin/../lib/gcc/riscv-none-embed/8.2.0/../../../../riscv-none-embed/lib/rv32imac/ilp32\libg_nano.a(lib_a-impure.o)
 *(.gnu.linkonce.d.*)
                0x0000000020004070                . = ALIGN (0x8)
                0x0000000020004870                PROVIDE (__global_pointer$ = (. + 0x800))
 *(.sdata .sdata.*)
 .sdata.curbrk.3772
                0x0000000020004070        0x4 ./StdPeriphDriver/CH57x_sys.o
 .sdata._impure_ptr
                0x0000000020004074        0x4 d:/wch/mounriver_studio2/resources/app/resources/win32/components/wch/toolchain/risc-v embedded gcc/bin/../lib/gcc/riscv-none-embed/8.2.0/../../../../riscv-none-embed/lib/rv32imac/ilp32\libg_nano.a(lib_a-impure.o)
                0x0000000020004074                _impure_ptr
 *(.gnu.linkonce.s.*)
                0x0000000020004078                . = ALIGN (0x8)
 *(.srodata.cst16)
 *(.srodata.cst8)
 *(.srodata.cst4)
 *(.srodata.cst2)
 *(.srodata .srodata.*)
                0x0000000020004078                . = ALIGN (0x4)
                0x0000000020004078                PROVIDE (_edata = .)

.bss            0x0000000020004078       0x1c load address 0x0000000000002060
                0x0000000020004078                . = ALIGN (0x4)
                0x0000000020004078                PROVIDE (_sbss = .)
 *(.sbss*)
 .sbss.__malloc_free_list
                0x0000000020004078        0x4 d:/wch/mounriver_studio2/resources/app/resources/win32/components/wch/toolchain/risc-v embedded gcc/bin/../lib/gcc/riscv-none-embed/8.2.0/../../../../riscv-none-embed/lib/rv32imac/ilp32\libg_nano.a(lib_a-nano-mallocr.o)
                0x0000000020004078                __malloc_free_list
 .sbss.__malloc_sbrk_start
                0x000000002000407c        0x4 d:/wch/mounriver_studio2/resources/app/resources/win32/components/wch/toolchain/risc-v embedded gcc/bin/../lib/gcc/riscv-none-embed/8.2.0/../../../../riscv-none-embed/lib/rv32imac/ilp32\libg_nano.a(lib_a-nano-mallocr.o)
                0x000000002000407c                __malloc_sbrk_start
 *(.gnu.linkonce.sb.*)
 *(.bss*)
 .bss.spiBuffrev
                0x0000000020004080       0x10 ./src/Main.o
                0x0000000020004080                spiBuffrev
 *(.gnu.linkonce.b.*)
 *(COMMON*)
 COMMON         0x0000000020004090        0x4 d:/wch/mounriver_studio2/resources/app/resources/win32/components/wch/toolchain/risc-v embedded gcc/bin/../lib/gcc/riscv-none-embed/8.2.0/../../../../riscv-none-embed/lib/rv32imac/ilp32\libg_nano.a(lib_a-reent.o)
                0x0000000020004090                errno
                0x0000000020004094                . = ALIGN (0x4)
                0x0000000020004094                PROVIDE (_ebss = .)
                0x0000000020004094                PROVIDE (_end = _ebss)
                [!provide]                        PROVIDE (end = .)

.stack          0x0000000020007e00      0x200
                0x0000000020007e00                PROVIDE (_heap_end = .)
                0x0000000020007e00                . = ALIGN (0x4)
                [!provide]                        PROVIDE (_susrstack = .)
                0x0000000020008000                . = (. + __stack_size)
 *fill*         0x0000000020007e00      0x200 
                0x0000000020008000                PROVIDE (_eusrstack = .)
OUTPUT(LaserRangeFinder.elf elf32-littleriscv)

.debug_info     0x0000000000000000     0x4d05
 .debug_info    0x0000000000000000      0xf20 ./src/Main.o
 .debug_info    0x0000000000000f20      0xdae ./StdPeriphDriver/CH57x_gpio.o
 .debug_info    0x0000000000001cce      0xec0 ./StdPeriphDriver/CH57x_spi0.o
 .debug_info    0x0000000000002b8e     0x13cf ./StdPeriphDriver/CH57x_sys.o
 .debug_info    0x0000000000003f5d      0xd86 ./StdPeriphDriver/CH57x_uart1.o
 .debug_info    0x0000000000004ce3       0x22 ./Startup/startup_CH573.o

.debug_abbrev   0x0000000000000000      0xe66
 .debug_abbrev  0x0000000000000000      0x29b ./src/Main.o
 .debug_abbrev  0x000000000000029b      0x268 ./StdPeriphDriver/CH57x_gpio.o
 .debug_abbrev  0x0000000000000503      0x304 ./StdPeriphDriver/CH57x_spi0.o
 .debug_abbrev  0x0000000000000807      0x3a3 ./StdPeriphDriver/CH57x_sys.o
 .debug_abbrev  0x0000000000000baa      0x2aa ./StdPeriphDriver/CH57x_uart1.o
 .debug_abbrev  0x0000000000000e54       0x12 ./Startup/startup_CH573.o

.debug_aranges  0x0000000000000000      0x210
 .debug_aranges
                0x0000000000000000       0x28 ./src/Main.o
 .debug_aranges
                0x0000000000000028       0x48 ./StdPeriphDriver/CH57x_gpio.o
 .debug_aranges
                0x0000000000000070       0x88 ./StdPeriphDriver/CH57x_spi0.o
 .debug_aranges
                0x00000000000000f8       0x90 ./StdPeriphDriver/CH57x_sys.o
 .debug_aranges
                0x0000000000000188       0x50 ./StdPeriphDriver/CH57x_uart1.o
 .debug_aranges
                0x00000000000001d8       0x38 ./Startup/startup_CH573.o

.debug_ranges   0x0000000000000000      0x1b8
 .debug_ranges  0x0000000000000000       0x18 ./src/Main.o
 .debug_ranges  0x0000000000000018       0x38 ./StdPeriphDriver/CH57x_gpio.o
 .debug_ranges  0x0000000000000050       0x78 ./StdPeriphDriver/CH57x_spi0.o
 .debug_ranges  0x00000000000000c8       0x80 ./StdPeriphDriver/CH57x_sys.o
 .debug_ranges  0x0000000000000148       0x40 ./StdPeriphDriver/CH57x_uart1.o
 .debug_ranges  0x0000000000000188       0x30 ./Startup/startup_CH573.o

.debug_line     0x0000000000000000     0x2ff8
 .debug_line    0x0000000000000000      0x582 ./src/Main.o
 .debug_line    0x0000000000000582      0x7c1 ./StdPeriphDriver/CH57x_gpio.o
 .debug_line    0x0000000000000d43      0xbf6 ./StdPeriphDriver/CH57x_spi0.o
 .debug_line    0x0000000000001939      0xe28 ./StdPeriphDriver/CH57x_sys.o
 .debug_line    0x0000000000002761      0x604 ./StdPeriphDriver/CH57x_uart1.o
 .debug_line    0x0000000000002d65      0x293 ./Startup/startup_CH573.o

.debug_str      0x0000000000000000      0xf31
 .debug_str     0x0000000000000000      0x967 ./src/Main.o
                                        0x9e2 (size before relaxing)
 .debug_str     0x0000000000000967      0x11a ./StdPeriphDriver/CH57x_gpio.o
                                        0x8c9 (size before relaxing)
 .debug_str     0x0000000000000a81      0x135 ./StdPeriphDriver/CH57x_spi0.o
                                        0x910 (size before relaxing)
 .debug_str     0x0000000000000bb6      0x277 ./StdPeriphDriver/CH57x_sys.o
                                        0xb5e (size before relaxing)
 .debug_str     0x0000000000000e2d       0xdd ./StdPeriphDriver/CH57x_uart1.o
                                        0x86e (size before relaxing)
 .debug_str     0x0000000000000f0a       0x27 ./Startup/startup_CH573.o
                                         0x49 (size before relaxing)

.comment        0x0000000000000000       0x33
 .comment       0x0000000000000000       0x33 ./src/Main.o
                                         0x34 (size before relaxing)
 .comment       0x0000000000000033       0x34 ./StdPeriphDriver/CH57x_gpio.o
 .comment       0x0000000000000033       0x34 ./StdPeriphDriver/CH57x_spi0.o
 .comment       0x0000000000000033       0x34 ./StdPeriphDriver/CH57x_sys.o
 .comment       0x0000000000000033       0x34 ./StdPeriphDriver/CH57x_uart1.o
 .comment       0x0000000000000033       0x34 d:/CH573FEVT/LaserRangeFinder/StdPeriphDriver\libISP573.a(ISP573.o)

.debug_frame    0x0000000000000000      0xc9c
 .debug_frame   0x0000000000000000       0x48 ./src/Main.o
 .debug_frame   0x0000000000000048       0x70 ./StdPeriphDriver/CH57x_gpio.o
 .debug_frame   0x00000000000000b8      0x110 ./StdPeriphDriver/CH57x_spi0.o
 .debug_frame   0x00000000000001c8      0x124 ./StdPeriphDriver/CH57x_sys.o
 .debug_frame   0x00000000000002ec       0x9c ./StdPeriphDriver/CH57x_uart1.o
 .debug_frame   0x0000000000000388       0x54 d:/wch/mounriver_studio2/resources/app/resources/win32/components/wch/toolchain/risc-v embedded gcc/bin/../lib/gcc/riscv-none-embed/8.2.0/../../../../riscv-none-embed/lib/rv32imac/ilp32\libg_nano.a(lib_a-printf.o)
 .debug_frame   0x00000000000003dc       0x54 d:/wch/mounriver_studio2/resources/app/resources/win32/components/wch/toolchain/risc-v embedded gcc/bin/../lib/gcc/riscv-none-embed/8.2.0/../../../../riscv-none-embed/lib/rv32imac/ilp32\libg_nano.a(lib_a-puts.o)
 .debug_frame   0x0000000000000430       0x50 d:/wch/mounriver_studio2/resources/app/resources/win32/components/wch/toolchain/risc-v embedded gcc/bin/../lib/gcc/riscv-none-embed/8.2.0/../../../../riscv-none-embed/lib/rv32imac/ilp32\libg_nano.a(lib_a-wbuf.o)
 .debug_frame   0x0000000000000480       0x3c d:/wch/mounriver_studio2/resources/app/resources/win32/components/wch/toolchain/risc-v embedded gcc/bin/../lib/gcc/riscv-none-embed/8.2.0/../../../../riscv-none-embed/lib/rv32imac/ilp32\libg_nano.a(lib_a-wsetup.o)
 .debug_frame   0x00000000000004bc       0x7c d:/wch/mounriver_studio2/resources/app/resources/win32/components/wch/toolchain/risc-v embedded gcc/bin/../lib/gcc/riscv-none-embed/8.2.0/../../../../riscv-none-embed/lib/rv32imac/ilp32\libg_nano.a(lib_a-fflush.o)
 .debug_frame   0x0000000000000538      0x148 d:/wch/mounriver_studio2/resources/app/resources/win32/components/wch/toolchain/risc-v embedded gcc/bin/../lib/gcc/riscv-none-embed/8.2.0/../../../../riscv-none-embed/lib/rv32imac/ilp32\libg_nano.a(lib_a-findfp.o)
 .debug_frame   0x0000000000000680       0x88 d:/wch/mounriver_studio2/resources/app/resources/win32/components/wch/toolchain/risc-v embedded gcc/bin/../lib/gcc/riscv-none-embed/8.2.0/../../../../riscv-none-embed/lib/rv32imac/ilp32\libg_nano.a(lib_a-fwalk.o)
 .debug_frame   0x0000000000000708       0x64 d:/wch/mounriver_studio2/resources/app/resources/win32/components/wch/toolchain/risc-v embedded gcc/bin/../lib/gcc/riscv-none-embed/8.2.0/../../../../riscv-none-embed/lib/rv32imac/ilp32\libg_nano.a(lib_a-makebuf.o)
 .debug_frame   0x000000000000076c       0x40 d:/wch/mounriver_studio2/resources/app/resources/win32/components/wch/toolchain/risc-v embedded gcc/bin/../lib/gcc/riscv-none-embed/8.2.0/../../../../riscv-none-embed/lib/rv32imac/ilp32\libg_nano.a(lib_a-nano-freer.o)
 .debug_frame   0x00000000000007ac       0x40 d:/wch/mounriver_studio2/resources/app/resources/win32/components/wch/toolchain/risc-v embedded gcc/bin/../lib/gcc/riscv-none-embed/8.2.0/../../../../riscv-none-embed/lib/rv32imac/ilp32\libg_nano.a(lib_a-nano-mallocr.o)
 .debug_frame   0x00000000000007ec       0xd0 d:/wch/mounriver_studio2/resources/app/resources/win32/components/wch/toolchain/risc-v embedded gcc/bin/../lib/gcc/riscv-none-embed/8.2.0/../../../../riscv-none-embed/lib/rv32imac/ilp32\libg_nano.a(lib_a-nano-vfprintf.o)
 .debug_frame   0x00000000000008bc       0x8c d:/wch/mounriver_studio2/resources/app/resources/win32/components/wch/toolchain/risc-v embedded gcc/bin/../lib/gcc/riscv-none-embed/8.2.0/../../../../riscv-none-embed/lib/rv32imac/ilp32\libg_nano.a(lib_a-nano-vfprintf_i.o)
 .debug_frame   0x0000000000000948       0x30 d:/wch/mounriver_studio2/resources/app/resources/win32/components/wch/toolchain/risc-v embedded gcc/bin/../lib/gcc/riscv-none-embed/8.2.0/../../../../riscv-none-embed/lib/rv32imac/ilp32\libg_nano.a(lib_a-sbrkr.o)
 .debug_frame   0x0000000000000978       0xa4 d:/wch/mounriver_studio2/resources/app/resources/win32/components/wch/toolchain/risc-v embedded gcc/bin/../lib/gcc/riscv-none-embed/8.2.0/../../../../riscv-none-embed/lib/rv32imac/ilp32\libg_nano.a(lib_a-stdio.o)
 .debug_frame   0x0000000000000a1c       0x30 d:/wch/mounriver_studio2/resources/app/resources/win32/components/wch/toolchain/risc-v embedded gcc/bin/../lib/gcc/riscv-none-embed/8.2.0/../../../../riscv-none-embed/lib/rv32imac/ilp32\libg_nano.a(lib_a-writer.o)
 .debug_frame   0x0000000000000a4c       0x30 d:/wch/mounriver_studio2/resources/app/resources/win32/components/wch/toolchain/risc-v embedded gcc/bin/../lib/gcc/riscv-none-embed/8.2.0/../../../../riscv-none-embed/lib/rv32imac/ilp32\libg_nano.a(lib_a-closer.o)
 .debug_frame   0x0000000000000a7c       0x30 d:/wch/mounriver_studio2/resources/app/resources/win32/components/wch/toolchain/risc-v embedded gcc/bin/../lib/gcc/riscv-none-embed/8.2.0/../../../../riscv-none-embed/lib/rv32imac/ilp32\libg_nano.a(lib_a-fstatr.o)
 .debug_frame   0x0000000000000aac       0x30 d:/wch/mounriver_studio2/resources/app/resources/win32/components/wch/toolchain/risc-v embedded gcc/bin/../lib/gcc/riscv-none-embed/8.2.0/../../../../riscv-none-embed/lib/rv32imac/ilp32\libg_nano.a(lib_a-isattyr.o)
 .debug_frame   0x0000000000000adc       0x30 d:/wch/mounriver_studio2/resources/app/resources/win32/components/wch/toolchain/risc-v embedded gcc/bin/../lib/gcc/riscv-none-embed/8.2.0/../../../../riscv-none-embed/lib/rv32imac/ilp32\libg_nano.a(lib_a-lseekr.o)
 .debug_frame   0x0000000000000b0c       0x20 d:/wch/mounriver_studio2/resources/app/resources/win32/components/wch/toolchain/risc-v embedded gcc/bin/../lib/gcc/riscv-none-embed/8.2.0/../../../../riscv-none-embed/lib/rv32imac/ilp32\libg_nano.a(lib_a-memchr.o)
 .debug_frame   0x0000000000000b2c       0x30 d:/wch/mounriver_studio2/resources/app/resources/win32/components/wch/toolchain/risc-v embedded gcc/bin/../lib/gcc/riscv-none-embed/8.2.0/../../../../riscv-none-embed/lib/rv32imac/ilp32\libg_nano.a(lib_a-mlock.o)
 .debug_frame   0x0000000000000b5c       0x30 d:/wch/mounriver_studio2/resources/app/resources/win32/components/wch/toolchain/risc-v embedded gcc/bin/../lib/gcc/riscv-none-embed/8.2.0/../../../../riscv-none-embed/lib/rv32imac/ilp32\libg_nano.a(lib_a-readr.o)
 .debug_frame   0x0000000000000b8c       0x70 d:/wch/mounriver_studio2/resources/app/resources/win32/components/wch/toolchain/risc-v embedded gcc/bin/../lib/gcc/riscv-none-embed/8.2.0/../../../../riscv-none-embed/lib/rv32imac/ilp32\libg_nano.a(lib_a-reent.o)
 .debug_frame   0x0000000000000bfc       0x20 d:/wch/mounriver_studio2/resources/app/resources/win32/components/wch/toolchain/risc-v embedded gcc/bin/../lib/gcc/riscv-none-embed/8.2.0/../../../../riscv-none-embed/lib/rv32imac/ilp32\libnosys.a(close.o)
 .debug_frame   0x0000000000000c1c       0x20 d:/wch/mounriver_studio2/resources/app/resources/win32/components/wch/toolchain/risc-v embedded gcc/bin/../lib/gcc/riscv-none-embed/8.2.0/../../../../riscv-none-embed/lib/rv32imac/ilp32\libnosys.a(fstat.o)
 .debug_frame   0x0000000000000c3c       0x20 d:/wch/mounriver_studio2/resources/app/resources/win32/components/wch/toolchain/risc-v embedded gcc/bin/../lib/gcc/riscv-none-embed/8.2.0/../../../../riscv-none-embed/lib/rv32imac/ilp32\libnosys.a(isatty.o)
 .debug_frame   0x0000000000000c5c       0x20 d:/wch/mounriver_studio2/resources/app/resources/win32/components/wch/toolchain/risc-v embedded gcc/bin/../lib/gcc/riscv-none-embed/8.2.0/../../../../riscv-none-embed/lib/rv32imac/ilp32\libnosys.a(lseek.o)
 .debug_frame   0x0000000000000c7c       0x20 d:/wch/mounriver_studio2/resources/app/resources/win32/components/wch/toolchain/risc-v embedded gcc/bin/../lib/gcc/riscv-none-embed/8.2.0/../../../../riscv-none-embed/lib/rv32imac/ilp32\libnosys.a(read.o)

.debug_loc      0x0000000000000000      0x9b0
 .debug_loc     0x0000000000000000      0x361 ./StdPeriphDriver/CH57x_gpio.o
 .debug_loc     0x0000000000000361      0x1b6 ./StdPeriphDriver/CH57x_spi0.o
 .debug_loc     0x0000000000000517      0x2ac ./StdPeriphDriver/CH57x_sys.o
 .debug_loc     0x00000000000007c3      0x1ed ./StdPeriphDriver/CH57x_uart1.o

.stab           0x0000000000000000       0x84
 .stab          0x0000000000000000       0x24 d:/wch/mounriver_studio2/resources/app/resources/win32/components/wch/toolchain/risc-v embedded gcc/bin/../lib/gcc/riscv-none-embed/8.2.0/../../../../riscv-none-embed/lib/rv32imac/ilp32\libnosys.a(close.o)
 .stab          0x0000000000000024       0x18 d:/wch/mounriver_studio2/resources/app/resources/win32/components/wch/toolchain/risc-v embedded gcc/bin/../lib/gcc/riscv-none-embed/8.2.0/../../../../riscv-none-embed/lib/rv32imac/ilp32\libnosys.a(fstat.o)
                                         0x24 (size before relaxing)
 .stab          0x000000000000003c       0x18 d:/wch/mounriver_studio2/resources/app/resources/win32/components/wch/toolchain/risc-v embedded gcc/bin/../lib/gcc/riscv-none-embed/8.2.0/../../../../riscv-none-embed/lib/rv32imac/ilp32\libnosys.a(isatty.o)
                                         0x24 (size before relaxing)
 .stab          0x0000000000000054       0x18 d:/wch/mounriver_studio2/resources/app/resources/win32/components/wch/toolchain/risc-v embedded gcc/bin/../lib/gcc/riscv-none-embed/8.2.0/../../../../riscv-none-embed/lib/rv32imac/ilp32\libnosys.a(lseek.o)
                                         0x24 (size before relaxing)
 .stab          0x000000000000006c       0x18 d:/wch/mounriver_studio2/resources/app/resources/win32/components/wch/toolchain/risc-v embedded gcc/bin/../lib/gcc/riscv-none-embed/8.2.0/../../../../riscv-none-embed/lib/rv32imac/ilp32\libnosys.a(read.o)
                                         0x24 (size before relaxing)

.stabstr        0x0000000000000000      0x117
 .stabstr       0x0000000000000000      0x117 d:/wch/mounriver_studio2/resources/app/resources/win32/components/wch/toolchain/risc-v embedded gcc/bin/../lib/gcc/riscv-none-embed/8.2.0/../../../../riscv-none-embed/lib/rv32imac/ilp32\libnosys.a(close.o)
