Archive member included to satisfy reference by file (symbol)

d:/CH573FEVT/LaserRangeFinder/LaserRangeFinderch592F/StdPeriphDriver\libISP592.a(ISP583.o)
                              ./StdPeriphDriver/CH59x_flash.o (FLASH_EEPROM_CMD)
d:/wch/mounriver_studio2/resources/app/resources/win32/components/wch/toolchain/risc-v embedded gcc/bin/../lib/gcc/riscv-none-embed/8.2.0/../../../../riscv-none-embed/lib/rv32imac/ilp32\libm.a(lib_a-s_cos.o)
                              ./User/TFTc/TFT_CAD.o (cos)
d:/wch/mounriver_studio2/resources/app/resources/win32/components/wch/toolchain/risc-v embedded gcc/bin/../lib/gcc/riscv-none-embed/8.2.0/../../../../riscv-none-embed/lib/rv32imac/ilp32\libm.a(lib_a-s_sin.o)
                              ./User/TFTc/TFT_CAD.o (sin)
d:/wch/mounriver_studio2/resources/app/resources/win32/components/wch/toolchain/risc-v embedded gcc/bin/../lib/gcc/riscv-none-embed/8.2.0/../../../../riscv-none-embed/lib/rv32imac/ilp32\libm.a(lib_a-e_rem_pio2.o)
                              d:/wch/mounriver_studio2/resources/app/resources/win32/components/wch/toolchain/risc-v embedded gcc/bin/../lib/gcc/riscv-none-embed/8.2.0/../../../../riscv-none-embed/lib/rv32imac/ilp32\libm.a(lib_a-s_cos.o) (__ieee754_rem_pio2)
d:/wch/mounriver_studio2/resources/app/resources/win32/components/wch/toolchain/risc-v embedded gcc/bin/../lib/gcc/riscv-none-embed/8.2.0/../../../../riscv-none-embed/lib/rv32imac/ilp32\libm.a(lib_a-k_cos.o)
                              d:/wch/mounriver_studio2/resources/app/resources/win32/components/wch/toolchain/risc-v embedded gcc/bin/../lib/gcc/riscv-none-embed/8.2.0/../../../../riscv-none-embed/lib/rv32imac/ilp32\libm.a(lib_a-s_cos.o) (__kernel_cos)
d:/wch/mounriver_studio2/resources/app/resources/win32/components/wch/toolchain/risc-v embedded gcc/bin/../lib/gcc/riscv-none-embed/8.2.0/../../../../riscv-none-embed/lib/rv32imac/ilp32\libm.a(lib_a-k_rem_pio2.o)
                              d:/wch/mounriver_studio2/resources/app/resources/win32/components/wch/toolchain/risc-v embedded gcc/bin/../lib/gcc/riscv-none-embed/8.2.0/../../../../riscv-none-embed/lib/rv32imac/ilp32\libm.a(lib_a-e_rem_pio2.o) (__kernel_rem_pio2)
d:/wch/mounriver_studio2/resources/app/resources/win32/components/wch/toolchain/risc-v embedded gcc/bin/../lib/gcc/riscv-none-embed/8.2.0/../../../../riscv-none-embed/lib/rv32imac/ilp32\libm.a(lib_a-k_sin.o)
                              d:/wch/mounriver_studio2/resources/app/resources/win32/components/wch/toolchain/risc-v embedded gcc/bin/../lib/gcc/riscv-none-embed/8.2.0/../../../../riscv-none-embed/lib/rv32imac/ilp32\libm.a(lib_a-s_cos.o) (__kernel_sin)
d:/wch/mounriver_studio2/resources/app/resources/win32/components/wch/toolchain/risc-v embedded gcc/bin/../lib/gcc/riscv-none-embed/8.2.0/../../../../riscv-none-embed/lib/rv32imac/ilp32\libm.a(lib_a-s_fabs.o)
                              d:/wch/mounriver_studio2/resources/app/resources/win32/components/wch/toolchain/risc-v embedded gcc/bin/../lib/gcc/riscv-none-embed/8.2.0/../../../../riscv-none-embed/lib/rv32imac/ilp32\libm.a(lib_a-e_rem_pio2.o) (fabs)
d:/wch/mounriver_studio2/resources/app/resources/win32/components/wch/toolchain/risc-v embedded gcc/bin/../lib/gcc/riscv-none-embed/8.2.0/../../../../riscv-none-embed/lib/rv32imac/ilp32\libm.a(lib_a-s_floor.o)
                              d:/wch/mounriver_studio2/resources/app/resources/win32/components/wch/toolchain/risc-v embedded gcc/bin/../lib/gcc/riscv-none-embed/8.2.0/../../../../riscv-none-embed/lib/rv32imac/ilp32\libm.a(lib_a-k_rem_pio2.o) (floor)
d:/wch/mounriver_studio2/resources/app/resources/win32/components/wch/toolchain/risc-v embedded gcc/bin/../lib/gcc/riscv-none-embed/8.2.0/../../../../riscv-none-embed/lib/rv32imac/ilp32\libm.a(lib_a-s_scalbn.o)
                              d:/wch/mounriver_studio2/resources/app/resources/win32/components/wch/toolchain/risc-v embedded gcc/bin/../lib/gcc/riscv-none-embed/8.2.0/../../../../riscv-none-embed/lib/rv32imac/ilp32\libm.a(lib_a-k_rem_pio2.o) (scalbn)
d:/wch/mounriver_studio2/resources/app/resources/win32/components/wch/toolchain/risc-v embedded gcc/bin/../lib/gcc/riscv-none-embed/8.2.0/../../../../riscv-none-embed/lib/rv32imac/ilp32\libm.a(lib_a-s_copysign.o)
                              d:/wch/mounriver_studio2/resources/app/resources/win32/components/wch/toolchain/risc-v embedded gcc/bin/../lib/gcc/riscv-none-embed/8.2.0/../../../../riscv-none-embed/lib/rv32imac/ilp32\libm.a(lib_a-s_scalbn.o) (copysign)
d:/wch/mounriver_studio2/resources/app/resources/win32/components/wch/toolchain/risc-v embedded gcc/bin/../lib/gcc/riscv-none-embed/8.2.0/rv32imac/ilp32\libgcc.a(_divdi3.o)
                              ./StdPeriphDriver/CH59x_clk.o (__divdi3)
d:/wch/mounriver_studio2/resources/app/resources/win32/components/wch/toolchain/risc-v embedded gcc/bin/../lib/gcc/riscv-none-embed/8.2.0/rv32imac/ilp32\libgcc.a(adddf3.o)
[...]
Memory Configuration

Name             Origin             Length             Attributes
FLASH            0x0000000000000000 0x0000000000070000 xr
RAM              0x0000000020000000 0x0000000000006800 xrw
*default*        0x0000000000000000 0xffffffffffffffff

Linker script and memory map

LOAD ./User/TFTc/TFT_CAD.o
LOAD ./User/TFTc/TFT_init.o
LOAD ./User/TFTc/TFT_io.o
LOAD ./User/TFTc/TFT_text.o
LOAD ./User/TFTc/font.o
LOAD ./User/M01LaserRangeFinder.o
LOAD ./User/Main.o
LOAD ./StdPeriphDriver/CH59x_clk.o
LOAD ./StdPeriphDriver/CH59x_flash.o
LOAD ./StdPeriphDriver/CH59x_gpio.o
LOAD ./StdPeriphDriver/CH59x_i2c.o
LOAD ./StdPeriphDriver/CH59x_lcd.o
LOAD ./StdPeriphDriver/CH59x_pwr.o
LOAD ./StdPeriphDriver/CH59x_spi0.o
LOAD ./StdPeriphDriver/CH59x_sys.o
LOAD ./StdPeriphDriver/CH59x_uart0.o
LOAD ./StdPeriphDriver/CH59x_uart1.o
LOAD ./Startup/startup_CH592.o
LOAD ./RVMSIS/core_riscv.o
LOAD d:/CH573FEVT/LaserRangeFinder/LaserRangeFinderch592F/StdPeriphDriver\libISP592.a
LOAD d:/wch/mounriver_studio2/resources/app/resources/win32/components/wch/toolchain/risc-v embedded gcc/bin/../lib/gcc/riscv-none-embed/8.2.0/../../../../riscv-none-embed/lib/rv32imac/ilp32\libm.a
LOAD d:/wch/mounriver_studio2/resources/app/resources/win32/components/wch/toolchain/risc-v embedded gcc/bin/../lib/gcc/riscv-none-embed/8.2.0/rv32imac/ilp32\libgcc.a
LOAD d:/wch/mounriver_studio2/resources/app/resources/win32/components/wch/toolchain/risc-v embedded gcc/bin/../lib/gcc/riscv-none-embed/8.2.0/../../../../riscv-none-embed/lib/rv32imac/ilp32\libg_nano.a
LOAD d:/wch/mounriver_studio2/resources/app/resources/win32/components/wch/toolchain/risc-v embedded gcc/bin/../lib/gcc/riscv-none-embed/8.2.0/../../../../riscv-none-embed/lib/rv32imac/ilp32\libc_nano.a
LOAD d:/wch/mounriver_studio2/resources/app/resources/win32/components/wch/toolchain/risc-v embedded gcc/bin/../lib/gcc/riscv-none-embed/8.2.0/rv32imac/ilp32\libgcc.a
START GROUP
LOAD d:/wch/mounriver_studio2/resources/app/resources/win32/components/wch/toolchain/risc-v embedded gcc/bin/../lib/gcc/riscv-none-embed/8.2.0/rv32imac/ilp32\libgcc.a
LOAD d:/wch/mounriver_studio2/resources/app/resources/win32/components/wch/toolchain/risc-v embedded gcc/bin/../lib/gcc/riscv-none-embed/8.2.0/../../../../riscv-none-embed/lib/rv32imac/ilp32\libc_nano.a
LOAD d:/wch/mounriver_studio2/resources/app/resources/win32/components/wch/toolchain/risc-v embedded gcc/bin/../lib/gcc/riscv-none-embed/8.2.0/../../../../riscv-none-embed/lib/rv32imac/ilp32\libnosys.a
END GROUP
START GROUP
LOAD d:/wch/mounriver_studio2/resources/app/resources/win32/components/wch/toolchain/risc-v embedded gcc/bin/../lib/gcc/riscv-none-embed/8.2.0/rv32imac/ilp32\libgcc.a
LOAD d:/wch/mounriver_studio2/resources/app/resources/win32/components/wch/toolchain/risc-v embedded gcc/bin/../lib/gcc/riscv-none-embed/8.2.0/../../../../riscv-none-embed/lib/rv32imac/ilp32\libc_nano.a
LOAD d:/wch/mounriver_studio2/resources/app/resources/win32/components/wch/toolchain/risc-v embedded gcc/bin/../lib/gcc/riscv-none-embed/8.2.0/../../../../riscv-none-embed/lib/rv32imac/ilp32\libnosys.a
END GROUP
                0x0000000000000200                __stack_size = 0x200
                [!provide]                        PROVIDE (_stack_size = __stack_size)

.init           0x0000000000000000        0x4
                0x0000000000000000                _sinit = .
                0x0000000000000000                . = ALIGN (0x4)
 *(SORT_NONE(.init))
 .init          0x0000000000000000        0x4 ./Startup/startup_CH592.o
                0x0000000000000000                _start
                0x0000000000000004                . = ALIGN (0x4)
                0x0000000000000004                _einit = .

.highcodelalign
                0x0000000000000004        0x0
                0x0000000000000004                . = ALIGN (0x4)
                0x0000000000000004                PROVIDE (_highcode_lma = .)

.highcode       0x0000000020000000      0xa50 load address 0x0000000000000004
                0x0000000020000000                . = ALIGN (0x4)
                0x0000000020000000                PROVIDE (_highcode_vma_start = .)
 *(.vector)
 .vector        0x0000000020000000       0x90 ./Startup/startup_CH592.o
 *(SORT_NONE(.vector_handler))
 .vector_handler
                0x0000000020000090        0x2 ./Startup/startup_CH592.o
                0x0000000020000090                GPIOB_IRQHandler
                0x0000000020000090                SysTick_Handler
                0x0000000020000090                NMI_Handler
                0x0000000020000090                UART1_IRQHandler
                0x0000000020000090                UART0_IRQHandler
                0x0000000020000090                BB_IRQHandler
                0x0000000020000090                Break_Point_Handler
                0x0000000020000090                TMR0_IRQHandler
                0x0000000020000090                Ecall_M_Mode_Handler
                0x0000000020000090                RTC_IRQHandler
                0x0000000020000090                UART2_IRQHandler
                0x0000000020000090                PWMX_IRQHandler
                0x0000000020000090                ADC_IRQHandler
                0x0000000020000090                TMR2_IRQHandler
                0x0000000020000090                USB_IRQHandler
                0x0000000020000090                I2C_IRQHandler
                0x0000000020000090                LLE_IRQHandler
                0x0000000020000090                WDOG_BAT_IRQHandler
                0x0000000020000090                Ecall_U_Mode_Handler
                0x0000000020000090                TMR3_IRQHandler
                0x0000000020000090                SW_Handler
                0x0000000020000090                SPI0_IRQHandler
                0x0000000020000090                UART3_IRQHandler
                0x0000000020000090                TMR1_IRQHandler
 *(.highcode)
 .highcode      0x0000000020000092      0x2ca ./User/Main.o
                0x0000000020000092                GPIOA_IRQHandler
 .highcode      0x000000002000035c      0x2ce ./StdPeriphDriver/CH59x_sys.o
                0x000000002000035c                SetSysClock
                0x000000002000051c                SYS_ResetExecute
                0x0000000020000574                HardFault_Handler
                0x00000000200005f4                mDelayuS
                0x0000000020000602                mDelaymS
 .highcode      0x000000002000062a      0x426 d:/CH573FEVT/LaserRangeFinder/LaserRangeFinderch592F/StdPeriphDriver\libISP592.a(ISP583.o)
                0x000000002000062a                FLASH_ROM_BEG
                0x000000002000063c                FLASH_ROM_END
                0x000000002000064a                FLASH_ROM_IN
                0x0000000020000658                FLASH_ROM_OUT
                0x0000000020000666                FLASH_ROM_ADDR
                0x00000000200006ae                FLASH_ROM_WAIT
                0x00000000200006e6                FLASH_EEPROM_CMD
 *(.highcode.*)
                0x0000000020000a50                . = ALIGN (0x4)
 *fill*         0x0000000020000a50        0x0 
                0x0000000020000a50                PROVIDE (_highcode_vma_end = .)

.text           0x0000000000000a54     0x3718
                0x0000000000000a54                . = ALIGN (0x4)
 *(SORT_NONE(.handle_reset))
 .handle_reset  0x0000000000000a54       0xaa ./Startup/startup_CH592.o
                0x0000000000000a54                handle_reset
 *(.text)
 .text          0x0000000000000afe       0xa8 d:/wch/mounriver_studio2/resources/app/resources/win32/components/wch/toolchain/risc-v embedded gcc/bin/../lib/gcc/riscv-none-embed/8.2.0/../../../../riscv-none-embed/lib/rv32imac/ilp32\libg_nano.a(lib_a-memset.o)
                0x0000000000000afe                memset
 *(.text.*)
 .text.TFT_Fill_Area
                0x0000000000000ba6       0x6a ./User/TFTc/TFT_CAD.o
                0x0000000000000ba6                TFT_Fill_Area
 .text.TFT_Set_Direction
                0x0000000000000c10       0x42 ./User/TFTc/TFT_init.o
 .text.TFT_Init_ST7789v3
                0x0000000000000c52      0x22a ./User/TFTc/TFT_init.o
                0x0000000000000c52                TFT_Init_ST7789v3
 .text.TFT_Wait_DMA_Transfer_Complete
                0x0000000000000e7c       0x14 ./User/TFTc/TFT_io.o
 .text.TFT_Init_Instance
                0x0000000000000e90       0x24 ./User/TFTc/TFT_io.o
                0x0000000000000e90                TFT_Init_Instance
 .text.TFT_Config_Pins
                0x0000000000000eb4       0x16 ./User/TFTc/TFT_io.o
                0x0000000000000eb4                TFT_Config_Pins
 .text.TFT_Config_Display
                0x0000000000000eca        0xe ./User/TFTc/TFT_io.o
                0x0000000000000eca                TFT_Config_Display
 .text.TFT_Pin_RES_Set
                0x0000000000000ed8       0x40 ./User/TFTc/TFT_io.o
                0x0000000000000ed8                TFT_Pin_RES_Set
 .text.TFT_Pin_DC_Set
                0x0000000000000f18       0x40 ./User/TFTc/TFT_io.o
                0x0000000000000f18                TFT_Pin_DC_Set
 .text.TFT_Pin_CS_Set
                0x0000000000000f58       0x40 ./User/TFTc/TFT_io.o
                0x0000000000000f58                TFT_Pin_CS_Set
 .text.TFT_Pin_BLK_Set
                0x0000000000000f98       0x40 ./User/TFTc/TFT_io.o
                0x0000000000000f98                TFT_Pin_BLK_Set
 .text.TFT_SPI_Send
                0x0000000000000fd8       0x74 ./User/TFTc/TFT_io.o
                0x0000000000000fd8                TFT_SPI_Send
 .text.TFT_Flush_Buffer
                0x000000000000104c       0x26 ./User/TFTc/TFT_io.o
                0x000000000000104c                TFT_Flush_Buffer
 .text.TFT_Buffer_Write16
                0x0000000000001072       0x5c ./User/TFTc/TFT_io.o
                0x0000000000001072                TFT_Buffer_Write16
 .text.TFT_Reset_Buffer
                0x00000000000010ce        0x8 ./User/TFTc/TFT_io.o
                0x00000000000010ce                TFT_Reset_Buffer
 .text.TFT_IO_Init
                0x00000000000010d6       0x56 ./User/TFTc/TFT_io.o
                0x00000000000010d6                TFT_IO_Init
 .text.TFT_Write_Data8
                0x000000000000112c       0x38 ./User/TFTc/TFT_io.o
                0x000000000000112c                TFT_Write_Data8
 .text.TFT_Write_Data16
                0x0000000000001164       0x40 ./User/TFTc/TFT_io.o
                0x0000000000001164                TFT_Write_Data16
 .text.TFT_Write_Command
                0x00000000000011a4       0x3a ./User/TFTc/TFT_io.o
                0x00000000000011a4                TFT_Write_Command
 .text.TFT_Set_Address
                0x00000000000011de       0xba ./User/TFTc/TFT_io.o
                0x00000000000011de                TFT_Set_Address
 .text.TFT_Show_Char
                0x0000000000001298      0x13c ./User/TFTc/TFT_text.o
                0x0000000000001298                TFT_Show_Char
 .text.TFT_Show_String
                0x00000000000013d4       0x98 ./User/TFTc/TFT_text.o
                0x00000000000013d4                TFT_Show_String
 .text.M01LRF_ReceiveRawdata
                0x000000000000146c       0x64 ./User/M01LaserRangeFinder.o
                0x000000000000146c                M01LRF_ReceiveRawdata
 .text.M01LRF_StartFastMeasurement
                0x00000000000014d0       0x38 ./User/M01LaserRangeFinder.o
                0x00000000000014d0                M01LRF_StartFastMeasurement
 .text.startup.main
                0x0000000000001508      0x172 ./User/Main.o
                0x0000000000001508                main
 .text.GPIOA_ModeCfg
                0x000000000000167a       0xa6 ./StdPeriphDriver/CH59x_gpio.o
                0x000000000000167a                GPIOA_ModeCfg
 .text.GPIOB_ModeCfg
                0x0000000000001720       0xa6 ./StdPeriphDriver/CH59x_gpio.o
                0x0000000000001720                GPIOB_ModeCfg
 .text.GPIOA_ITModeCfg
                0x00000000000017c6       0x82 ./StdPeriphDriver/CH59x_gpio.o
                0x00000000000017c6                GPIOA_ITModeCfg
 .text.GPIOB_ITModeCfg
                0x0000000000001848       0x8a ./StdPeriphDriver/CH59x_gpio.o
                0x0000000000001848                GPIOB_ITModeCfg
 .text.SPI0_MasterDefInit
                0x00000000000018d2       0x32 ./StdPeriphDriver/CH59x_spi0.o
                0x00000000000018d2                SPI0_MasterDefInit
 .text.SPI0_MasterDMATrans
                0x0000000000001904       0x50 ./StdPeriphDriver/CH59x_spi0.o
                0x0000000000001904                SPI0_MasterDMATrans
 .text.GetSysClock
                0x0000000000001954       0x40 ./StdPeriphDriver/CH59x_sys.o
                0x0000000000001954                GetSysClock
 .text._write   0x0000000000001994       0x28 ./StdPeriphDriver/CH59x_sys.o
                0x0000000000001994                _write
 .text._sbrk    0x00000000000019bc       0x30 ./StdPeriphDriver/CH59x_sys.o
                0x00000000000019bc                _sbrk
 .text.UART0_BaudRateCfg
                0x00000000000019ec       0x30 ./StdPeriphDriver/CH59x_uart0.o
                0x00000000000019ec                UART0_BaudRateCfg
 .text.UART0_DefInit
                0x0000000000001a1c       0x32 ./StdPeriphDriver/CH59x_uart0.o
                0x0000000000001a1c                UART0_DefInit
 .text.UART0_SendString
                0x0000000000001a4e       0x28 ./StdPeriphDriver/CH59x_uart0.o
                0x0000000000001a4e                UART0_SendString
 .text.UART0_RecvString
                0x0000000000001a76       0x2a ./StdPeriphDriver/CH59x_uart0.o
                0x0000000000001a76                UART0_RecvString
 .text.UART1_BaudRateCfg
                0x0000000000001aa0       0x30 ./StdPeriphDriver/CH59x_uart1.o
                0x0000000000001aa0                UART1_BaudRateCfg
 .text.UART1_DefInit
                0x0000000000001ad0       0x32 ./StdPeriphDriver/CH59x_uart1.o
                0x0000000000001ad0                UART1_DefInit
 .text.malloc   0x0000000000001b02        0xe d:/wch/mounriver_studio2/resources/app/resources/win32/components/wch/toolchain/risc-v embedded gcc/bin/../lib/gcc/riscv-none-embed/8.2.0/../../../../riscv-none-embed/lib/rv32imac/ilp32\libg_nano.a(lib_a-malloc.o)
                0x0000000000001b02                malloc
 .text._free_r  0x0000000000001b10       0xa8 d:/wch/mounriver_studio2/resources/app/resources/win32/components/wch/toolchain/risc-v embedded gcc/bin/../lib/gcc/riscv-none-embed/8.2.0/../../../../riscv-none-embed/lib/rv32imac/ilp32\libg_nano.a(lib_a-nano-freer.o)
                0x0000000000001b10                _free_r
 .text._malloc_r
                0x0000000000001bb8       0xd4 d:/wch/mounriver_studio2/resources/app/resources/win32/components/wch/toolchain/risc-v embedded gcc/bin/../lib/gcc/riscv-none-embed/8.2.0/../../../../riscv-none-embed/lib/rv32imac/ilp32\libg_nano.a(lib_a-nano-mallocr.o)
                0x0000000000001bb8                _malloc_r
 .text.printf   0x0000000000001c8c       0x44 d:/wch/mounriver_studio2/resources/app/resources/win32/components/wch/toolchain/risc-v embedded gcc/bin/../lib/gcc/riscv-none-embed/8.2.0/../../../../riscv-none-embed/lib/rv32imac/ilp32\libg_nano.a(lib_a-printf.o)
                0x0000000000001c8c                iprintf
                0x0000000000001c8c                printf
 .text.putchar  0x0000000000001cd0       0x2e d:/wch/mounriver_studio2/resources/app/resources/win32/components/wch/toolchain/risc-v embedded gcc/bin/../lib/gcc/riscv-none-embed/8.2.0/../../../../riscv-none-embed/lib/rv32imac/ilp32\libg_nano.a(lib_a-putchar.o)
                0x0000000000001cd0                putchar
 .text._puts_r  0x0000000000001cfe       0xda d:/wch/mounriver_studio2/resources/app/resources/win32/components/wch/toolchain/risc-v embedded gcc/bin/../lib/gcc/riscv-none-embed/8.2.0/../../../../riscv-none-embed/lib/rv32imac/ilp32\libg_nano.a(lib_a-puts.o)
                0x0000000000001cfe                _puts_r
 .text.puts     0x0000000000001dd8        0xe d:/wch/mounriver_studio2/resources/app/resources/win32/components/wch/toolchain/risc-v embedded gcc/bin/../lib/gcc/riscv-none-embed/8.2.0/../../../../riscv-none-embed/lib/rv32imac/ilp32\libg_nano.a(lib_a-puts.o)
                0x0000000000001dd8                puts
 .text._sbrk_r  0x0000000000001de6       0x2a d:/wch/mounriver_studio2/resources/app/resources/win32/components/wch/toolchain/risc-v embedded gcc/bin/../lib/gcc/riscv-none-embed/8.2.0/../../../../riscv-none-embed/lib/rv32imac/ilp32\libg_nano.a(lib_a-sbrkr.o)
                0x0000000000001de6                _sbrk_r
 .text.snprintf
                0x0000000000001e10       0x74 d:/wch/mounriver_studio2/resources/app/resources/win32/components/wch/toolchain/risc-v embedded gcc/bin/../lib/gcc/riscv-none-embed/8.2.0/../../../../riscv-none-embed/lib/rv32imac/ilp32\libg_nano.a(lib_a-snprintf.o)
                0x0000000000001e10                sniprintf
                0x0000000000001e10                snprintf
 .text.__swbuf_r
                0x0000000000001e84       0xc0 d:/wch/mounriver_studio2/resources/app/resources/win32/components/wch/toolchain/risc-v embedded gcc/bin/../lib/gcc/riscv-none-embed/8.2.0/../../../../riscv-none-embed/lib/rv32imac/ilp32\libg_nano.a(lib_a-wbuf.o)
                0x0000000000001e84                __swbuf_r
 .text.__swsetup_r
                0x0000000000001f44      0x112 d:/wch/mounriver_studio2/resources/app/resources/win32/components/wch/toolchain/risc-v embedded gcc/bin/../lib/gcc/riscv-none-embed/8.2.0/../../../../riscv-none-embed/lib/rv32imac/ilp32\libg_nano.a(lib_a-wsetup.o)
                0x0000000000001f44                __swsetup_r
 .text.__sflush_r
                0x0000000000002056      0x13e d:/wch/mounriver_studio2/resources/app/resources/win32/components/wch/toolchain/risc-v embedded gcc/bin/../lib/gcc/riscv-none-embed/8.2.0/../../../../riscv-none-embed/lib/rv32imac/ilp32\libg_nano.a(lib_a-fflush.o)
                0x0000000000002056                __sflush_r
 .text._fflush_r
                0x0000000000002194       0x64 d:/wch/mounriver_studio2/resources/app/resources/win32/components/wch/toolchain/risc-v embedded gcc/bin/../lib/gcc/riscv-none-embed/8.2.0/../../../../riscv-none-embed/lib/rv32imac/ilp32\libg_nano.a(lib_a-fflush.o)
                0x0000000000002194                _fflush_r
 .text.std      0x00000000000021f8       0x6a d:/wch/mounriver_studio2/resources/app/resources/win32/components/wch/toolchain/risc-v embedded gcc/bin/../lib/gcc/riscv-none-embed/8.2.0/../../../../riscv-none-embed/lib/rv32imac/ilp32\libg_nano.a(lib_a-findfp.o)
 .text._cleanup_r
                0x0000000000002262        0xa d:/wch/mounriver_studio2/resources/app/resources/win32/components/wch/toolchain/risc-v embedded gcc/bin/../lib/gcc/riscv-none-embed/8.2.0/../../../../riscv-none-embed/lib/rv32imac/ilp32\libg_nano.a(lib_a-findfp.o)
                0x0000000000002262                _cleanup_r
 .text.__sfmoreglue
                0x000000000000226c       0x48 d:/wch/mounriver_studio2/resources/app/resources/win32/components/wch/toolchain/risc-v embedded gcc/bin/../lib/gcc/riscv-none-embed/8.2.0/../../../../riscv-none-embed/lib/rv32imac/ilp32\libg_nano.a(lib_a-findfp.o)
                0x000000000000226c                __sfmoreglue
 .text.__sinit  0x00000000000022b4       0x6a d:/wch/mounriver_studio2/resources/app/resources/win32/components/wch/toolchain/risc-v embedded gcc/bin/../lib/gcc/riscv-none-embed/8.2.0/../../../../riscv-none-embed/lib/rv32imac/ilp32\libg_nano.a(lib_a-findfp.o)
                0x00000000000022b4                __sinit
 .text.__sfp    0x000000000000231e       0xa0 d:/wch/mounriver_studio2/resources/app/resources/win32/components/wch/toolchain/risc-v embedded gcc/bin/../lib/gcc/riscv-none-embed/8.2.0/../../../../riscv-none-embed/lib/rv32imac/ilp32\libg_nano.a(lib_a-findfp.o)
                0x000000000000231e                __sfp
 .text._fwalk_reent
                0x00000000000023be       0x6c d:/wch/mounriver_studio2/resources/app/resources/win32/components/wch/toolchain/risc-v embedded gcc/bin/../lib/gcc/riscv-none-embed/8.2.0/../../../../riscv-none-embed/lib/rv32imac/ilp32\libg_nano.a(lib_a-fwalk.o)
                0x00000000000023be                _fwalk_reent
 .text.__swhatbuf_r
                0x000000000000242a       0x5a d:/wch/mounriver_studio2/resources/app/resources/win32/components/wch/toolchain/risc-v embedded gcc/bin/../lib/gcc/riscv-none-embed/8.2.0/../../../../riscv-none-embed/lib/rv32imac/ilp32\libg_nano.a(lib_a-makebuf.o)
                0x000000000000242a                __swhatbuf_r
 .text.__smakebuf_r
                0x0000000000002484       0xa0 d:/wch/mounriver_studio2/resources/app/resources/win32/components/wch/toolchain/risc-v embedded gcc/bin/../lib/gcc/riscv-none-embed/8.2.0/../../../../riscv-none-embed/lib/rv32imac/ilp32\libg_nano.a(lib_a-makebuf.o)
                0x0000000000002484                __smakebuf_r
 .text.__malloc_lock
                0x0000000000002524        0x2 d:/wch/mounriver_studio2/resources/app/resources/win32/components/wch/toolchain/risc-v embedded gcc/bin/../lib/gcc/riscv-none-embed/8.2.0/../../../../riscv-none-embed/lib/rv32imac/ilp32\libg_nano.a(lib_a-mlock.o)
                0x0000000000002524                __malloc_lock
 .text.__malloc_unlock
                0x0000000000002526        0x2 d:/wch/mounriver_studio2/resources/app/resources/win32/components/wch/toolchain/risc-v embedded gcc/bin/../lib/gcc/riscv-none-embed/8.2.0/../../../../riscv-none-embed/lib/rv32imac/ilp32\libg_nano.a(lib_a-mlock.o)
                0x0000000000002526                __malloc_unlock
 .text.__ssputs_r
                0x0000000000002528       0xee d:/wch/mounriver_studio2/resources/app/resources/win32/components/wch/toolchain/risc-v embedded gcc/bin/../lib/gcc/riscv-none-embed/8.2.0/../../../../riscv-none-embed/lib/rv32imac/ilp32\libg_nano.a(lib_a-nano-svfprintf.o)
                0x0000000000002528                __ssputs_r
 .text._svfprintf_r
                0x0000000000002616      0x27e d:/wch/mounriver_studio2/resources/app/resources/win32/components/wch/toolchain/risc-v embedded gcc/bin/../lib/gcc/riscv-none-embed/8.2.0/../../../../riscv-none-embed/lib/rv32imac/ilp32\libg_nano.a(lib_a-nano-svfprintf.o)
                0x0000000000002616                _svfiprintf_r
                0x0000000000002616                _svfprintf_r
 .text.__sfputc_r
                0x0000000000002894       0x2a d:/wch/mounriver_studio2/resources/app/resources/win32/components/wch/toolchain/risc-v embedded gcc/bin/../lib/gcc/riscv-none-embed/8.2.0/../../../../riscv-none-embed/lib/rv32imac/ilp32\libg_nano.a(lib_a-nano-vfprintf.o)
 .text.__sfputs_r
                0x00000000000028be       0x42 d:/wch/mounriver_studio2/resources/app/resources/win32/components/wch/toolchain/risc-v embedded gcc/bin/../lib/gcc/riscv-none-embed/8.2.0/../../../../riscv-none-embed/lib/rv32imac/ilp32\libg_nano.a(lib_a-nano-vfprintf.o)
                0x00000000000028be                __sfputs_r
 .text._vfprintf_r
                0x0000000000002900      0x29c d:/wch/mounriver_studio2/resources/app/resources/win32/components/wch/toolchain/risc-v embedded gcc/bin/../lib/gcc/riscv-none-embed/8.2.0/../../../../riscv-none-embed/lib/rv32imac/ilp32\libg_nano.a(lib_a-nano-vfprintf.o)
                0x0000000000002900                _vfprintf_r
                0x0000000000002900                _vfiprintf_r
 .text._printf_common
                0x0000000000002b9c      0x10c d:/wch/mounriver_studio2/resources/app/resources/win32/components/wch/toolchain/risc-v embedded gcc/bin/../lib/gcc/riscv-none-embed/8.2.0/../../../../riscv-none-embed/lib/rv32imac/ilp32\libg_nano.a(lib_a-nano-vfprintf_i.o)
                0x0000000000002b9c                _printf_common
 .text._printf_i
                0x0000000000002ca8      0x2a8 d:/wch/mounriver_studio2/resources/app/resources/win32/components/wch/toolchain/risc-v embedded gcc/bin/../lib/gcc/riscv-none-embed/8.2.0/../../../../riscv-none-embed/lib/rv32imac/ilp32\libg_nano.a(lib_a-nano-vfprintf_i.o)
                0x0000000000002ca8                _printf_i
 .text._putc_r  0x0000000000002f50       0x86 d:/wch/mounriver_studio2/resources/app/resources/win32/components/wch/toolchain/risc-v embedded gcc/bin/../lib/gcc/riscv-none-embed/8.2.0/../../../../riscv-none-embed/lib/rv32imac/ilp32\libg_nano.a(lib_a-putc.o)
                0x0000000000002f50                _putc_r
 .text.__sread  0x0000000000002fd6       0x30 d:/wch/mounriver_studio2/resources/app/resources/win32/components/wch/toolchain/risc-v embedded gcc/bin/../lib/gcc/riscv-none-embed/8.2.0/../../../../riscv-none-embed/lib/rv32imac/ilp32\libg_nano.a(lib_a-stdio.o)
                0x0000000000002fd6                __sread
 .text.__swrite
                0x0000000000003006       0x4e d:/wch/mounriver_studio2/resources/app/resources/win32/components/wch/toolchain/risc-v embedded gcc/bin/../lib/gcc/riscv-none-embed/8.2.0/../../../../riscv-none-embed/lib/rv32imac/ilp32\libg_nano.a(lib_a-stdio.o)
                0x0000000000003006                __swrite
 .text.__sseek  0x0000000000003054       0x36 d:/wch/mounriver_studio2/resources/app/resources/win32/components/wch/toolchain/risc-v embedded gcc/bin/../lib/gcc/riscv-none-embed/8.2.0/../../../../riscv-none-embed/lib/rv32imac/ilp32\libg_nano.a(lib_a-stdio.o)
                0x0000000000003054                __sseek
 .text.__sclose
                0x000000000000308a        0x6 d:/wch/mounriver_studio2/resources/app/resources/win32/components/wch/toolchain/risc-v embedded gcc/bin/../lib/gcc/riscv-none-embed/8.2.0/../../../../riscv-none-embed/lib/rv32imac/ilp32\libg_nano.a(lib_a-stdio.o)
                0x000000000000308a                __sclose
 .text._write_r
                0x0000000000003090       0x2e d:/wch/mounriver_studio2/resources/app/resources/win32/components/wch/toolchain/risc-v embedded gcc/bin/../lib/gcc/riscv-none-embed/8.2.0/../../../../riscv-none-embed/lib/rv32imac/ilp32\libg_nano.a(lib_a-writer.o)
                0x0000000000003090                _write_r
 .text._close_r
                0x00000000000030be       0x28 d:/wch/mounriver_studio2/resources/app/resources/win32/components/wch/toolchain/risc-v embedded gcc/bin/../lib/gcc/riscv-none-embed/8.2.0/../../../../riscv-none-embed/lib/rv32imac/ilp32\libg_nano.a(lib_a-closer.o)
                0x00000000000030be                _close_r
 .text._fstat_r
                0x00000000000030e6       0x2a d:/wch/mounriver_studio2/resources/app/resources/win32/components/wch/toolchain/risc-v embedded gcc/bin/../lib/gcc/riscv-none-embed/8.2.0/../../../../riscv-none-embed/lib/rv32imac/ilp32\libg_nano.a(lib_a-fstatr.o)
                0x00000000000030e6                _fstat_r
 .text._isatty_r
                0x0000000000003110       0x28 d:/wch/mounriver_studio2/resources/app/resources/win32/components/wch/toolchain/risc-v embedded gcc/bin/../lib/gcc/riscv-none-embed/8.2.0/../../../../riscv-none-embed/lib/rv32imac/ilp32\libg_nano.a(lib_a-isattyr.o)
                0x0000000000003110                _isatty_r
 .text._lseek_r
                0x0000000000003138       0x2c d:/wch/mounriver_studio2/resources/app/resources/win32/components/wch/toolchain/risc-v embedded gcc/bin/../lib/gcc/riscv-none-embed/8.2.0/../../../../riscv-none-embed/lib/rv32imac/ilp32\libg_nano.a(lib_a-lseekr.o)
                0x0000000000003138                _lseek_r
 .text.memchr   0x0000000000003164       0x1a d:/wch/mounriver_studio2/resources/app/resources/win32/components/wch/toolchain/risc-v embedded gcc/bin/../lib/gcc/riscv-none-embed/8.2.0/../../../../riscv-none-embed/lib/rv32imac/ilp32\libg_nano.a(lib_a-memchr.o)
                0x0000000000003164                memchr
 .text.memcpy   0x000000000000317e       0xb6 d:/wch/mounriver_studio2/resources/app/resources/win32/components/wch/toolchain/risc-v embedded gcc/bin/../lib/gcc/riscv-none-embed/8.2.0/../../../../riscv-none-embed/lib/rv32imac/ilp32\libg_nano.a(lib_a-memcpy.o)
                0x000000000000317e                memcpy
 .text.memmove  0x0000000000003234       0x4a d:/wch/mounriver_studio2/resources/app/resources/win32/components/wch/toolchain/risc-v embedded gcc/bin/../lib/gcc/riscv-none-embed/8.2.0/../../../../riscv-none-embed/lib/rv32imac/ilp32\libg_nano.a(lib_a-memmove.o)
                0x0000000000003234                memmove
 .text._realloc_r
                0x000000000000327e       0x56 d:/wch/mounriver_studio2/resources/app/resources/win32/components/wch/toolchain/risc-v embedded gcc/bin/../lib/gcc/riscv-none-embed/8.2.0/../../../../riscv-none-embed/lib/rv32imac/ilp32\libg_nano.a(lib_a-nano-reallocr.o)
                0x000000000000327e                _realloc_r
 .text._read_r  0x00000000000032d4       0x2c d:/wch/mounriver_studio2/resources/app/resources/win32/components/wch/toolchain/risc-v embedded gcc/bin/../lib/gcc/riscv-none-embed/8.2.0/../../../../riscv-none-embed/lib/rv32imac/ilp32\libg_nano.a(lib_a-readr.o)
                0x00000000000032d4                _read_r
 .text._malloc_usable_size_r
                0x0000000000003300       0x14 d:/wch/mounriver_studio2/resources/app/resources/win32/components/wch/toolchain/risc-v embedded gcc/bin/../lib/gcc/riscv-none-embed/8.2.0/../../../../riscv-none-embed/lib/rv32imac/ilp32\libg_nano.a(lib_a-nano-msizer.o)
                0x0000000000003300                _malloc_usable_size_r
 .text._close   0x0000000000003314        0xc d:/wch/mounriver_studio2/resources/app/resources/win32/components/wch/toolchain/risc-v embedded gcc/bin/../lib/gcc/riscv-none-embed/8.2.0/../../../../riscv-none-embed/lib/rv32imac/ilp32\libnosys.a(close.o)
                0x0000000000003314                _close
 .text._fstat   0x0000000000003320        0xc d:/wch/mounriver_studio2/resources/app/resources/win32/components/wch/toolchain/risc-v embedded gcc/bin/../lib/gcc/riscv-none-embed/8.2.0/../../../../riscv-none-embed/lib/rv32imac/ilp32\libnosys.a(fstat.o)
                0x0000000000003320                _fstat
 .text._isatty  0x000000000000332c        0xc d:/wch/mounriver_studio2/resources/app/resources/win32/components/wch/toolchain/risc-v embedded gcc/bin/../lib/gcc/riscv-none-embed/8.2.0/../../../../riscv-none-embed/lib/rv32imac/ilp32\libnosys.a(isatty.o)
                0x000000000000332c                _isatty
 .text._lseek   0x0000000000003338        0xc d:/wch/mounriver_studio2/resources/app/resources/win32/components/wch/toolchain/risc-v embedded gcc/bin/../lib/gcc/riscv-none-embed/8.2.0/../../../../riscv-none-embed/lib/rv32imac/ilp32\libnosys.a(lseek.o)
                0x0000000000003338                _lseek
 .text._read    0x0000000000003344        0xc d:/wch/mounriver_studio2/resources/app/resources/win32/components/wch/toolchain/risc-v embedded gcc/bin/../lib/gcc/riscv-none-embed/8.2.0/../../../../riscv-none-embed/lib/rv32imac/ilp32\libnosys.a(read.o)
                0x0000000000003344                _read
 *(.rodata)
 *(.rodata*)
 .rodata.ascii_12x6
                0x0000000000003350      0x474 ./User/TFTc/font.o
                0x0000000000003350                ascii_12x6
 .rodata.ascii_16x8
                0x00000000000037c4      0x5f0 ./User/TFTc/font.o
                0x00000000000037c4                ascii_16x8
 .rodata.ascii_8x6
                0x0000000000003db4      0x228 ./User/TFTc/font.o
                0x0000000000003db4                ascii_8x6
 .rodata.StartFastMeasurement
                0x0000000000003fdc        0x9 ./User/M01LaserRangeFinder.o
 *fill*         0x0000000000003fe5        0x3 
 .rodata.main.str1.4
                0x0000000000003fe8       0x3a ./User/Main.o
 *fill*         0x0000000000004022        0x2 
 .rodata.str1.4
                0x0000000000004024       0x66 ./User/Main.o
 *fill*         0x000000000000408a        0x2 
 .rodata.GPIOA_ModeCfg
                0x000000000000408c       0x14 ./StdPeriphDriver/CH59x_gpio.o
 .rodata.GPIOB_ModeCfg
                0x00000000000040a0       0x14 ./StdPeriphDriver/CH59x_gpio.o
 .rodata.__sf_fake_stderr
                0x00000000000040b4       0x20 d:/wch/mounriver_studio2/resources/app/resources/win32/components/wch/toolchain/risc-v embedded gcc/bin/../lib/gcc/riscv-none-embed/8.2.0/../../../../riscv-none-embed/lib/rv32imac/ilp32\libg_nano.a(lib_a-findfp.o)
                0x00000000000040b4                __sf_fake_stderr
 .rodata.__sf_fake_stdin
                0x00000000000040d4       0x20 d:/wch/mounriver_studio2/resources/app/resources/win32/components/wch/toolchain/risc-v embedded gcc/bin/../lib/gcc/riscv-none-embed/8.2.0/../../../../riscv-none-embed/lib/rv32imac/ilp32\libg_nano.a(lib_a-findfp.o)
                0x00000000000040d4                __sf_fake_stdin
 .rodata.__sf_fake_stdout
                0x00000000000040f4       0x20 d:/wch/mounriver_studio2/resources/app/resources/win32/components/wch/toolchain/risc-v embedded gcc/bin/../lib/gcc/riscv-none-embed/8.2.0/../../../../riscv-none-embed/lib/rv32imac/ilp32\libg_nano.a(lib_a-findfp.o)
                0x00000000000040f4                __sf_fake_stdout
 .rodata._svfprintf_r.str1.4
                0x0000000000004114       0x13 d:/wch/mounriver_studio2/resources/app/resources/win32/components/wch/toolchain/risc-v embedded gcc/bin/../lib/gcc/riscv-none-embed/8.2.0/../../../../riscv-none-embed/lib/rv32imac/ilp32\libg_nano.a(lib_a-nano-svfprintf.o)
 .rodata._vfprintf_r.str1.4
                0x0000000000004127       0x13 d:/wch/mounriver_studio2/resources/app/resources/win32/components/wch/toolchain/risc-v embedded gcc/bin/../lib/gcc/riscv-none-embed/8.2.0/../../../../riscv-none-embed/lib/rv32imac/ilp32\libg_nano.a(lib_a-nano-vfprintf.o)
 *fill*         0x0000000000004127        0x1 
 .rodata._printf_i.str1.4
                0x0000000000004128       0x28 d:/wch/mounriver_studio2/resources/app/resources/win32/components/wch/toolchain/risc-v embedded gcc/bin/../lib/gcc/riscv-none-embed/8.2.0/../../../../riscv-none-embed/lib/rv32imac/ilp32\libg_nano.a(lib_a-nano-vfprintf_i.o)
                                         0x25 (size before relaxing)
 *(.sdata2.*)
 .sdata2.afont12x6
                0x0000000000004150        0x8 ./User/TFTc/font.o
                0x0000000000004150                afont12x6
 .sdata2.afont16x8
                0x0000000000004158        0x8 ./User/TFTc/font.o
                0x0000000000004158                afont16x8
 .sdata2.afont8x6
                0x0000000000004160        0x8 ./User/TFTc/font.o
                0x0000000000004160                afont8x6
 .sdata2._global_impure_ptr
                0x0000000000004168        0x4 d:/wch/mounriver_studio2/resources/app/resources/win32/components/wch/toolchain/risc-v embedded gcc/bin/../lib/gcc/riscv-none-embed/8.2.0/../../../../riscv-none-embed/lib/rv32imac/ilp32\libg_nano.a(lib_a-impure.o)
                0x0000000000004168                _global_impure_ptr
 *(.glue_7)
 *(.glue_7t)
 *(.gnu.linkonce.t.*)
                0x000000000000416c                . = ALIGN (0x4)

.rela.dyn       0x000000000000416c        0x0
 .rela.text._sbrk
                0x000000000000416c        0x0 ./User/TFTc/TFT_CAD.o
 .rela.sdata.curbrk.3970
                0x000000000000416c        0x0 ./User/TFTc/TFT_CAD.o
 .rela.init     0x000000000000416c        0x0 ./User/TFTc/TFT_CAD.o
 .rela.vector   0x000000000000416c        0x0 ./User/TFTc/TFT_CAD.o
 .rela.handle_reset
                0x000000000000416c        0x0 ./User/TFTc/TFT_CAD.o
 .rela.text._sbrk_r
                0x000000000000416c        0x0 ./User/TFTc/TFT_CAD.o
 .rela.text._svfprintf_r
                0x000000000000416c        0x0 ./User/TFTc/TFT_CAD.o
 .rela.text._vfprintf_r
                0x000000000000416c        0x0 ./User/TFTc/TFT_CAD.o
 .rela.text._write_r
                0x000000000000416c        0x0 ./User/TFTc/TFT_CAD.o
 .rela.text._close_r
                0x000000000000416c        0x0 ./User/TFTc/TFT_CAD.o
 .rela.text._fstat_r
                0x000000000000416c        0x0 ./User/TFTc/TFT_CAD.o
 .rela.text._isatty_r
                0x000000000000416c        0x0 ./User/TFTc/TFT_CAD.o
 .rela.text._lseek_r
                0x000000000000416c        0x0 ./User/TFTc/TFT_CAD.o
 .rela.text._read_r
                0x000000000000416c        0x0 ./User/TFTc/TFT_CAD.o
 .rela.text._close
                0x000000000000416c        0x0 ./User/TFTc/TFT_CAD.o
 .rela.text._fstat
                0x000000000000416c        0x0 ./User/TFTc/TFT_CAD.o
 .rela.text._isatty
                0x000000000000416c        0x0 ./User/TFTc/TFT_CAD.o
 .rela.text._lseek
                0x000000000000416c        0x0 ./User/TFTc/TFT_CAD.o
 .rela.text._read
                0x000000000000416c        0x0 ./User/TFTc/TFT_CAD.o

.fini           0x000000000000416c        0x0
 *(SORT_NONE(.fini))
                0x000000000000416c                . = ALIGN (0x4)
                [!provide]                        PROVIDE (_etext = .)
                [!provide]                        PROVIDE (_eitcm = .)

.preinit_array  0x000000000000416c        0x0
                [!provide]                        PROVIDE (__preinit_array_start = .)
 *(.preinit_array)
                [!provide]                        PROVIDE (__preinit_array_end = .)

.init_array     0x000000000000416c        0x0
                [!provide]                        PROVIDE (__init_array_start = .)
 *(SORT_BY_INIT_PRIORITY(.init_array.*) SORT_BY_INIT_PRIORITY(.ctors.*))
 *(.init_array EXCLUDE_FILE(*crtend?.o *crtend.o *crtbegin?.o *crtbegin.o) .ctors)
                [!provide]                        PROVIDE (__init_array_end = .)

.fini_array     0x000000000000416c        0x0
                [!provide]                        PROVIDE (__fini_array_start = .)
 *(SORT_BY_INIT_PRIORITY(.fini_array.*) SORT_BY_INIT_PRIORITY(.dtors.*))
 *(.fini_array EXCLUDE_FILE(*crtend?.o *crtend.o *crtbegin?.o *crtbegin.o) .dtors)
                [!provide]                        PROVIDE (__fini_array_end = .)

.ctors
 *crtbegin.o(.ctors)
 *crtbegin?.o(.ctors)
 *(EXCLUDE_FILE(*crtend?.o *crtend.o) .ctors)
 *(SORT_BY_NAME(.ctors.*))
 *(.ctors)

.dtors
 *crtbegin.o(.dtors)
 *crtbegin?.o(.dtors)
 *(EXCLUDE_FILE(*crtend?.o *crtend.o) .dtors)
 *(SORT_BY_NAME(.dtors.*))
 *(.dtors)

.dalign         0x0000000020000a50        0x0 load address 0x000000000000416c
                0x0000000020000a50                . = (ORIGIN (RAM) + SIZEOF (.highcode))

.dlalign        0x000000000000416c        0x0
                0x000000000000416c                . = ALIGN (0x4)
                0x000000000000416c                PROVIDE (_data_lma = .)

.data           0x0000000020000a50       0x68 load address 0x000000000000416c
                0x0000000020000a50                . = ALIGN (0x4)
                0x0000000020000a50                PROVIDE (_data_vma = .)
 *(.gnu.linkonce.r.*)
 *(.data .data.*)
 .data.impure_data
                0x0000000020000a50       0x60 d:/wch/mounriver_studio2/resources/app/resources/win32/components/wch/toolchain/risc-v embedded gcc/bin/../lib/gcc/riscv-none-embed/8.2.0/../../../../riscv-none-embed/lib/rv32imac/ilp32\libg_nano.a(lib_a-impure.o)
 *(.gnu.linkonce.d.*)
                0x0000000020000ab0                . = ALIGN (0x8)
 *fill*         0x0000000020000ab0        0x0 
                0x00000000200012b0                PROVIDE (__global_pointer$ = (. + 0x800))
 *(.sdata .sdata.*)
 .sdata.curbrk.3970
                0x0000000020000ab0        0x4 ./StdPeriphDriver/CH59x_sys.o
 .sdata._impure_ptr
                0x0000000020000ab4        0x4 d:/wch/mounriver_studio2/resources/app/resources/win32/components/wch/toolchain/risc-v embedded gcc/bin/../lib/gcc/riscv-none-embed/8.2.0/../../../../riscv-none-embed/lib/rv32imac/ilp32\libg_nano.a(lib_a-impure.o)
                0x0000000020000ab4                _impure_ptr
 *(.gnu.linkonce.s.*)
                0x0000000020000ab8                . = ALIGN (0x8)
 *(.srodata.cst16)
 *(.srodata.cst8)
 *(.srodata.cst4)
 *(.srodata.cst2)
 *(.srodata .srodata.*)
                0x0000000020000ab8                . = ALIGN (0x4)
                0x0000000020000ab8                PROVIDE (_edata = .)

.bss            0x0000000020000ab8       0x48 load address 0x00000000000041d4
                0x0000000020000ab8                . = ALIGN (0x4)
                0x0000000020000ab8                PROVIDE (_sbss = .)
 *(.sbss*)
 .sbss.g_tft_handles
                0x0000000020000ab8        0x4 ./User/TFTc/TFT_io.o
 .sbss.SPI0     0x0000000020000abc        0x4 ./User/Main.o
                0x0000000020000abc                SPI0
 .sbss.__malloc_free_list
                0x0000000020000ac0        0x4 d:/wch/mounriver_studio2/resources/app/resources/win32/components/wch/toolchain/risc-v embedded gcc/bin/../lib/gcc/riscv-none-embed/8.2.0/../../../../riscv-none-embed/lib/rv32imac/ilp32\libg_nano.a(lib_a-nano-mallocr.o)
                0x0000000020000ac0                __malloc_free_list
 .sbss.__malloc_sbrk_start
                0x0000000020000ac4        0x4 d:/wch/mounriver_studio2/resources/app/resources/win32/components/wch/toolchain/risc-v embedded gcc/bin/../lib/gcc/riscv-none-embed/8.2.0/../../../../riscv-none-embed/lib/rv32imac/ilp32\libg_nano.a(lib_a-nano-mallocr.o)
                0x0000000020000ac4                __malloc_sbrk_start
 *(.gnu.linkonce.sb.*)
 *(.bss*)
 .bss.htft1     0x0000000020000ac8       0x34 ./User/Main.o
                0x0000000020000ac8                htft1
 *(.gnu.linkonce.b.*)
 *(COMMON*)
 COMMON         0x0000000020000afc        0x4 d:/wch/mounriver_studio2/resources/app/resources/win32/components/wch/toolchain/risc-v embedded gcc/bin/../lib/gcc/riscv-none-embed/8.2.0/../../../../riscv-none-embed/lib/rv32imac/ilp32\libg_nano.a(lib_a-reent.o)
                0x0000000020000afc                errno
                0x0000000020000b00                . = ALIGN (0x4)
                0x0000000020000b00                PROVIDE (_ebss = .)
                0x0000000020000b00                PROVIDE (_end = _ebss)
                [!provide]                        PROVIDE (end = .)

.stack          0x0000000020006600      0x200
                0x0000000020006600                PROVIDE (_heap_end = .)
                0x0000000020006600                . = ALIGN (0x4)
                [!provide]                        PROVIDE (_susrstack = .)
                0x0000000020006800                . = (. + __stack_size)
 *fill*         0x0000000020006600      0x200 
                0x0000000020006800                PROVIDE (_eusrstack = .)
OUTPUT(LaserRangeFinderch592F.elf elf32-littleriscv)

.debug_info     0x0000000000000000    0x10bad
 .debug_info    0x0000000000000000     0x3377 ./User/TFTc/TFT_CAD.o
 .debug_info    0x0000000000003377     0x1d9a ./User/TFTc/TFT_init.o
 .debug_info    0x0000000000005111     0x1928 ./User/TFTc/TFT_io.o
 .debug_info    0x0000000000006a39     0x1263 ./User/TFTc/TFT_text.o
 .debug_info    0x0000000000007c9c      0xc16 ./User/TFTc/font.o
 .debug_info    0x00000000000088b2     0x164c ./User/M01LaserRangeFinder.o
 .debug_info    0x0000000000009efe     0x1a4e ./User/Main.o
 .debug_info    0x000000000000b94c      0xe32 ./StdPeriphDriver/CH59x_gpio.o
 .debug_info    0x000000000000c77e      0xf44 ./StdPeriphDriver/CH59x_spi0.o
 .debug_info    0x000000000000d6c2     0x18b5 ./StdPeriphDriver/CH59x_sys.o
 .debug_info    0x000000000000ef77      0xe0a ./StdPeriphDriver/CH59x_uart0.o
 .debug_info    0x000000000000fd81      0xe0a ./StdPeriphDriver/CH59x_uart1.o
 .debug_info    0x0000000000010b8b       0x22 ./Startup/startup_CH592.o

.debug_abbrev   0x0000000000000000     0x256f
 .debug_abbrev  0x0000000000000000      0x45e ./User/TFTc/TFT_CAD.o
 .debug_abbrev  0x000000000000045e      0x242 ./User/TFTc/TFT_init.o
 .debug_abbrev  0x00000000000006a0      0x424 ./User/TFTc/TFT_io.o
 .debug_abbrev  0x0000000000000ac4      0x2ee ./User/TFTc/TFT_text.o
 .debug_abbrev  0x0000000000000db2      0x1fe ./User/TFTc/font.o
 .debug_abbrev  0x0000000000000fb0      0x333 ./User/M01LaserRangeFinder.o
 .debug_abbrev  0x00000000000012e3      0x367 ./User/Main.o
 .debug_abbrev  0x000000000000164a      0x268 ./StdPeriphDriver/CH59x_gpio.o
 .debug_abbrev  0x00000000000018b2      0x304 ./StdPeriphDriver/CH59x_spi0.o
 .debug_abbrev  0x0000000000001bb6      0x453 ./StdPeriphDriver/CH59x_sys.o
 .debug_abbrev  0x0000000000002009      0x2aa ./StdPeriphDriver/CH59x_uart0.o
 .debug_abbrev  0x00000000000022b3      0x2aa ./StdPeriphDriver/CH59x_uart1.o
 .debug_abbrev  0x000000000000255d       0x12 ./Startup/startup_CH592.o

.debug_loc      0x0000000000000000     0x532d
 .debug_loc     0x0000000000000000     0x2d2d ./User/TFTc/TFT_CAD.o
 .debug_loc     0x0000000000002d2d       0xb0 ./User/TFTc/TFT_init.o
 .debug_loc     0x0000000000002ddd      0x831 ./User/TFTc/TFT_io.o
 .debug_loc     0x000000000000360e      0x621 ./User/TFTc/TFT_text.o
 .debug_loc     0x0000000000003c2f      0x787 ./User/M01LaserRangeFinder.o
 .debug_loc     0x00000000000043b6      0x230 ./User/Main.o
 .debug_loc     0x00000000000045e6      0x361 ./StdPeriphDriver/CH59x_gpio.o
 .debug_loc     0x0000000000004947      0x1b6 ./StdPeriphDriver/CH59x_spi0.o
 .debug_loc     0x0000000000004afd      0x456 ./StdPeriphDriver/CH59x_sys.o
 .debug_loc     0x0000000000004f53      0x1ed ./StdPeriphDriver/CH59x_uart0.o
 .debug_loc     0x0000000000005140      0x1ed ./StdPeriphDriver/CH59x_uart1.o

.debug_aranges  0x0000000000000000      0x4e8
 .debug_aranges
                0x0000000000000000       0xd0 ./User/TFTc/TFT_CAD.o
 .debug_aranges
                0x00000000000000d0       0x30 ./User/TFTc/TFT_init.o
 .debug_aranges
                0x0000000000000100       0xb8 ./User/TFTc/TFT_io.o
 .debug_aranges
                0x00000000000001b8       0x28 ./User/TFTc/TFT_text.o
 .debug_aranges
                0x00000000000001e0       0x18 ./User/TFTc/font.o
 .debug_aranges
                0x00000000000001f8       0x98 ./User/M01LaserRangeFinder.o
 .debug_aranges
                0x0000000000000290       0x28 ./User/Main.o
 .debug_aranges
                0x00000000000002b8       0x48 ./StdPeriphDriver/CH59x_gpio.o
 .debug_aranges
                0x0000000000000300       0x88 ./StdPeriphDriver/CH59x_spi0.o
 .debug_aranges
                0x0000000000000388       0x90 ./StdPeriphDriver/CH59x_sys.o
 .debug_aranges
                0x0000000000000418       0x50 ./StdPeriphDriver/CH59x_uart0.o
 .debug_aranges
                0x0000000000000468       0x50 ./StdPeriphDriver/CH59x_uart1.o
 .debug_aranges
                0x00000000000004b8       0x30 ./Startup/startup_CH592.o

.debug_ranges   0x0000000000000000      0x910
 .debug_ranges  0x0000000000000000      0x2f0 ./User/TFTc/TFT_CAD.o
 .debug_ranges  0x00000000000002f0       0x20 ./User/TFTc/TFT_init.o
 .debug_ranges  0x0000000000000310       0xf8 ./User/TFTc/TFT_io.o
 .debug_ranges  0x0000000000000408       0x88 ./User/TFTc/TFT_text.o
 .debug_ranges  0x0000000000000490      0x1b8 ./User/M01LaserRangeFinder.o
 .debug_ranges  0x0000000000000648       0x90 ./User/Main.o
 .debug_ranges  0x00000000000006d8       0x38 ./StdPeriphDriver/CH59x_gpio.o
 .debug_ranges  0x0000000000000710       0x78 ./StdPeriphDriver/CH59x_spi0.o
 .debug_ranges  0x0000000000000788       0xe0 ./StdPeriphDriver/CH59x_sys.o
 .debug_ranges  0x0000000000000868       0x40 ./StdPeriphDriver/CH59x_uart0.o
 .debug_ranges  0x00000000000008a8       0x40 ./StdPeriphDriver/CH59x_uart1.o
 .debug_ranges  0x00000000000008e8       0x28 ./Startup/startup_CH592.o

.debug_line     0x0000000000000000     0x92e4
 .debug_line    0x0000000000000000     0x2d92 ./User/TFTc/TFT_CAD.o
 .debug_line    0x0000000000002d92      0x79e ./User/TFTc/TFT_init.o
 .debug_line    0x0000000000003530      0xe9c ./User/TFTc/TFT_io.o
 .debug_line    0x00000000000043cc      0x6a3 ./User/TFTc/TFT_text.o
 .debug_line    0x0000000000004a6f      0x232 ./User/TFTc/font.o
 .debug_line    0x0000000000004ca1      0xa3f ./User/M01LaserRangeFinder.o
 .debug_line    0x00000000000056e0      0x90c ./User/Main.o
 .debug_line    0x0000000000005fec      0x7e0 ./StdPeriphDriver/CH59x_gpio.o
 .debug_line    0x00000000000067cc      0xbf3 ./StdPeriphDriver/CH59x_spi0.o
 .debug_line    0x00000000000073bf     0x1194 ./StdPeriphDriver/CH59x_sys.o
 .debug_line    0x0000000000008553      0x623 ./StdPeriphDriver/CH59x_uart0.o
 .debug_line    0x0000000000008b76      0x623 ./StdPeriphDriver/CH59x_uart1.o
 .debug_line    0x0000000000009199      0x14b ./Startup/startup_CH592.o

.debug_str      0x0000000000000000     0x1c64
 .debug_str     0x0000000000000000      0xce2 ./User/TFTc/TFT_CAD.o
                                        0xda9 (size before relaxing)
 .debug_str     0x0000000000000ce2       0xa4 ./User/TFTc/TFT_init.o
                                        0x9bf (size before relaxing)
 .debug_str     0x0000000000000d86      0x1ed ./User/TFTc/TFT_io.o
                                        0xbd9 (size before relaxing)
 .debug_str     0x0000000000000f73      0x132 ./User/TFTc/TFT_text.o
                                        0xaaa (size before relaxing)
 .debug_str     0x00000000000010a5       0x5e ./User/TFTc/font.o
                                        0x658 (size before relaxing)
 .debug_str     0x0000000000001103      0x224 ./User/M01LaserRangeFinder.o
                                        0xb25 (size before relaxing)
 .debug_str     0x0000000000001327      0x410 ./User/Main.o
                                        0xe39 (size before relaxing)
 .debug_str     0x0000000000001737       0x7e ./StdPeriphDriver/CH59x_gpio.o
                                        0x9a1 (size before relaxing)
 .debug_str     0x00000000000017b5      0x191 ./StdPeriphDriver/CH59x_spi0.o
                                        0x9e8 (size before relaxing)
 .debug_str     0x0000000000001946      0x1ce ./StdPeriphDriver/CH59x_sys.o
                                        0xbd4 (size before relaxing)
 .debug_str     0x0000000000001b14       0xa9 ./StdPeriphDriver/CH59x_uart0.o
                                        0x946 (size before relaxing)
 .debug_str     0x0000000000001bbd       0x80 ./StdPeriphDriver/CH59x_uart1.o
                                        0x946 (size before relaxing)
 .debug_str     0x0000000000001c3d       0x27 ./Startup/startup_CH592.o
                                         0x60 (size before relaxing)

.comment        0x0000000000000000       0x33
 .comment       0x0000000000000000       0x33 ./User/TFTc/TFT_CAD.o
                                         0x34 (size before relaxing)
 .comment       0x0000000000000033       0x34 ./User/TFTc/TFT_init.o
 .comment       0x0000000000000033       0x34 ./User/TFTc/TFT_io.o
 .comment       0x0000000000000033       0x34 ./User/TFTc/TFT_text.o
 .comment       0x0000000000000033       0x34 ./User/TFTc/font.o
 .comment       0x0000000000000033       0x34 ./User/M01LaserRangeFinder.o
 .comment       0x0000000000000033       0x34 ./User/Main.o
 .comment       0x0000000000000033       0x34 ./StdPeriphDriver/CH59x_gpio.o
 .comment       0x0000000000000033       0x34 ./StdPeriphDriver/CH59x_spi0.o
 .comment       0x0000000000000033       0x34 ./StdPeriphDriver/CH59x_sys.o
 .comment       0x0000000000000033       0x34 ./StdPeriphDriver/CH59x_uart0.o
 .comment       0x0000000000000033       0x34 ./StdPeriphDriver/CH59x_uart1.o
 .comment       0x0000000000000033       0x34 d:/CH573FEVT/LaserRangeFinder/LaserRangeFinderch592F/StdPeriphDriver\libISP592.a(ISP583.o)

.debug_frame    0x0000000000000000     0x1c08
 .debug_frame   0x0000000000000000      0x670 ./User/TFTc/TFT_CAD.o
 .debug_frame   0x0000000000000670       0x7c ./User/TFTc/TFT_init.o
 .debug_frame   0x00000000000006ec      0x230 ./User/TFTc/TFT_io.o
 .debug_frame   0x000000000000091c       0xb0 ./User/TFTc/TFT_text.o
 .debug_frame   0x00000000000009cc      0x1fc ./User/M01LaserRangeFinder.o
 .debug_frame   0x0000000000000bc8       0x7c ./User/Main.o
 .debug_frame   0x0000000000000c44       0x70 ./StdPeriphDriver/CH59x_gpio.o
 .debug_frame   0x0000000000000cb4      0x110 ./StdPeriphDriver/CH59x_spi0.o
 .debug_frame   0x0000000000000dc4      0x14c ./StdPeriphDriver/CH59x_sys.o
 .debug_frame   0x0000000000000f10       0x9c ./StdPeriphDriver/CH59x_uart0.o
 .debug_frame   0x0000000000000fac       0x9c ./StdPeriphDriver/CH59x_uart1.o
 .debug_frame   0x0000000000001048       0x30 d:/wch/mounriver_studio2/resources/app/resources/win32/components/wch/toolchain/risc-v embedded gcc/bin/../lib/gcc/riscv-none-embed/8.2.0/../../../../riscv-none-embed/lib/rv32imac/ilp32\libg_nano.a(lib_a-malloc.o)
 .debug_frame   0x0000000000001078       0x40 d:/wch/mounriver_studio2/resources/app/resources/win32/components/wch/toolchain/risc-v embedded gcc/bin/../lib/gcc/riscv-none-embed/8.2.0/../../../../riscv-none-embed/lib/rv32imac/ilp32\libg_nano.a(lib_a-nano-freer.o)
 .debug_frame   0x00000000000010b8       0x40 d:/wch/mounriver_studio2/resources/app/resources/win32/components/wch/toolchain/risc-v embedded gcc/bin/../lib/gcc/riscv-none-embed/8.2.0/../../../../riscv-none-embed/lib/rv32imac/ilp32\libg_nano.a(lib_a-nano-mallocr.o)
 .debug_frame   0x00000000000010f8       0x54 d:/wch/mounriver_studio2/resources/app/resources/win32/components/wch/toolchain/risc-v embedded gcc/bin/../lib/gcc/riscv-none-embed/8.2.0/../../../../riscv-none-embed/lib/rv32imac/ilp32\libg_nano.a(lib_a-printf.o)
 .debug_frame   0x000000000000114c       0x50 d:/wch/mounriver_studio2/resources/app/resources/win32/components/wch/toolchain/risc-v embedded gcc/bin/../lib/gcc/riscv-none-embed/8.2.0/../../../../riscv-none-embed/lib/rv32imac/ilp32\libg_nano.a(lib_a-putchar.o)
 .debug_frame   0x000000000000119c       0x54 d:/wch/mounriver_studio2/resources/app/resources/win32/components/wch/toolchain/risc-v embedded gcc/bin/../lib/gcc/riscv-none-embed/8.2.0/../../../../riscv-none-embed/lib/rv32imac/ilp32\libg_nano.a(lib_a-puts.o)
 .debug_frame   0x00000000000011f0       0x30 d:/wch/mounriver_studio2/resources/app/resources/win32/components/wch/toolchain/risc-v embedded gcc/bin/../lib/gcc/riscv-none-embed/8.2.0/../../../../riscv-none-embed/lib/rv32imac/ilp32\libg_nano.a(lib_a-sbrkr.o)
 .debug_frame   0x0000000000001220       0x60 d:/wch/mounriver_studio2/resources/app/resources/win32/components/wch/toolchain/risc-v embedded gcc/bin/../lib/gcc/riscv-none-embed/8.2.0/../../../../riscv-none-embed/lib/rv32imac/ilp32\libg_nano.a(lib_a-snprintf.o)
 .debug_frame   0x0000000000001280       0x50 d:/wch/mounriver_studio2/resources/app/resources/win32/components/wch/toolchain/risc-v embedded gcc/bin/../lib/gcc/riscv-none-embed/8.2.0/../../../../riscv-none-embed/lib/rv32imac/ilp32\libg_nano.a(lib_a-wbuf.o)
 .debug_frame   0x00000000000012d0       0x3c d:/wch/mounriver_studio2/resources/app/resources/win32/components/wch/toolchain/risc-v embedded gcc/bin/../lib/gcc/riscv-none-embed/8.2.0/../../../../riscv-none-embed/lib/rv32imac/ilp32\libg_nano.a(lib_a-wsetup.o)
 .debug_frame   0x000000000000130c       0x7c d:/wch/mounriver_studio2/resources/app/resources/win32/components/wch/toolchain/risc-v embedded gcc/bin/../lib/gcc/riscv-none-embed/8.2.0/../../../../riscv-none-embed/lib/rv32imac/ilp32\libg_nano.a(lib_a-fflush.o)
 .debug_frame   0x0000000000001388      0x148 d:/wch/mounriver_studio2/resources/app/resources/win32/components/wch/toolchain/risc-v embedded gcc/bin/../lib/gcc/riscv-none-embed/8.2.0/../../../../riscv-none-embed/lib/rv32imac/ilp32\libg_nano.a(lib_a-findfp.o)
 .debug_frame   0x00000000000014d0       0x88 d:/wch/mounriver_studio2/resources/app/resources/win32/components/wch/toolchain/risc-v embedded gcc/bin/../lib/gcc/riscv-none-embed/8.2.0/../../../../riscv-none-embed/lib/rv32imac/ilp32\libg_nano.a(lib_a-fwalk.o)
 .debug_frame   0x0000000000001558       0x64 d:/wch/mounriver_studio2/resources/app/resources/win32/components/wch/toolchain/risc-v embedded gcc/bin/../lib/gcc/riscv-none-embed/8.2.0/../../../../riscv-none-embed/lib/rv32imac/ilp32\libg_nano.a(lib_a-makebuf.o)
 .debug_frame   0x00000000000015bc       0x30 d:/wch/mounriver_studio2/resources/app/resources/win32/components/wch/toolchain/risc-v embedded gcc/bin/../lib/gcc/riscv-none-embed/8.2.0/../../../../riscv-none-embed/lib/rv32imac/ilp32\libg_nano.a(lib_a-mlock.o)
 .debug_frame   0x00000000000015ec       0xe0 d:/wch/mounriver_studio2/resources/app/resources/win32/components/wch/toolchain/risc-v embedded gcc/bin/../lib/gcc/riscv-none-embed/8.2.0/../../../../riscv-none-embed/lib/rv32imac/ilp32\libg_nano.a(lib_a-nano-svfprintf.o)
 .debug_frame   0x00000000000016cc       0xd0 d:/wch/mounriver_studio2/resources/app/resources/win32/components/wch/toolchain/risc-v embedded gcc/bin/../lib/gcc/riscv-none-embed/8.2.0/../../../../riscv-none-embed/lib/rv32imac/ilp32\libg_nano.a(lib_a-nano-vfprintf.o)
 .debug_frame   0x000000000000179c       0x8c d:/wch/mounriver_studio2/resources/app/resources/win32/components/wch/toolchain/risc-v embedded gcc/bin/../lib/gcc/riscv-none-embed/8.2.0/../../../../riscv-none-embed/lib/rv32imac/ilp32\libg_nano.a(lib_a-nano-vfprintf_i.o)
 .debug_frame   0x0000000000001828       0x4c d:/wch/mounriver_studio2/resources/app/resources/win32/components/wch/toolchain/risc-v embedded gcc/bin/../lib/gcc/riscv-none-embed/8.2.0/../../../../riscv-none-embed/lib/rv32imac/ilp32\libg_nano.a(lib_a-putc.o)
 .debug_frame   0x0000000000001874       0x70 d:/wch/mounriver_studio2/resources/app/resources/win32/components/wch/toolchain/risc-v embedded gcc/bin/../lib/gcc/riscv-none-embed/8.2.0/../../../../riscv-none-embed/lib/rv32imac/ilp32\libg_nano.a(lib_a-reent.o)
 .debug_frame   0x00000000000018e4       0xa4 d:/wch/mounriver_studio2/resources/app/resources/win32/components/wch/toolchain/risc-v embedded gcc/bin/../lib/gcc/riscv-none-embed/8.2.0/../../../../riscv-none-embed/lib/rv32imac/ilp32\libg_nano.a(lib_a-stdio.o)
 .debug_frame   0x0000000000001988       0x30 d:/wch/mounriver_studio2/resources/app/resources/win32/components/wch/toolchain/risc-v embedded gcc/bin/../lib/gcc/riscv-none-embed/8.2.0/../../../../riscv-none-embed/lib/rv32imac/ilp32\libg_nano.a(lib_a-writer.o)
 .debug_frame   0x00000000000019b8       0x30 d:/wch/mounriver_studio2/resources/app/resources/win32/components/wch/toolchain/risc-v embedded gcc/bin/../lib/gcc/riscv-none-embed/8.2.0/../../../../riscv-none-embed/lib/rv32imac/ilp32\libg_nano.a(lib_a-closer.o)
 .debug_frame   0x00000000000019e8       0x30 d:/wch/mounriver_studio2/resources/app/resources/win32/components/wch/toolchain/risc-v embedded gcc/bin/../lib/gcc/riscv-none-embed/8.2.0/../../../../riscv-none-embed/lib/rv32imac/ilp32\libg_nano.a(lib_a-fstatr.o)
 .debug_frame   0x0000000000001a18       0x30 d:/wch/mounriver_studio2/resources/app/resources/win32/components/wch/toolchain/risc-v embedded gcc/bin/../lib/gcc/riscv-none-embed/8.2.0/../../../../riscv-none-embed/lib/rv32imac/ilp32\libg_nano.a(lib_a-isattyr.o)
 .debug_frame   0x0000000000001a48       0x30 d:/wch/mounriver_studio2/resources/app/resources/win32/components/wch/toolchain/risc-v embedded gcc/bin/../lib/gcc/riscv-none-embed/8.2.0/../../../../riscv-none-embed/lib/rv32imac/ilp32\libg_nano.a(lib_a-lseekr.o)
 .debug_frame   0x0000000000001a78       0x20 d:/wch/mounriver_studio2/resources/app/resources/win32/components/wch/toolchain/risc-v embedded gcc/bin/../lib/gcc/riscv-none-embed/8.2.0/../../../../riscv-none-embed/lib/rv32imac/ilp32\libg_nano.a(lib_a-memchr.o)
 .debug_frame   0x0000000000001a98       0x20 d:/wch/mounriver_studio2/resources/app/resources/win32/components/wch/toolchain/risc-v embedded gcc/bin/../lib/gcc/riscv-none-embed/8.2.0/../../../../riscv-none-embed/lib/rv32imac/ilp32\libg_nano.a(lib_a-memcpy.o)
 .debug_frame   0x0000000000001ab8       0x20 d:/wch/mounriver_studio2/resources/app/resources/win32/components/wch/toolchain/risc-v embedded gcc/bin/../lib/gcc/riscv-none-embed/8.2.0/../../../../riscv-none-embed/lib/rv32imac/ilp32\libg_nano.a(lib_a-memmove.o)
 .debug_frame   0x0000000000001ad8       0x40 d:/wch/mounriver_studio2/resources/app/resources/win32/components/wch/toolchain/risc-v embedded gcc/bin/../lib/gcc/riscv-none-embed/8.2.0/../../../../riscv-none-embed/lib/rv32imac/ilp32\libg_nano.a(lib_a-nano-reallocr.o)
 .debug_frame   0x0000000000001b18       0x30 d:/wch/mounriver_studio2/resources/app/resources/win32/components/wch/toolchain/risc-v embedded gcc/bin/../lib/gcc/riscv-none-embed/8.2.0/../../../../riscv-none-embed/lib/rv32imac/ilp32\libg_nano.a(lib_a-readr.o)
 .debug_frame   0x0000000000001b48       0x20 d:/wch/mounriver_studio2/resources/app/resources/win32/components/wch/toolchain/risc-v embedded gcc/bin/../lib/gcc/riscv-none-embed/8.2.0/../../../../riscv-none-embed/lib/rv32imac/ilp32\libg_nano.a(lib_a-nano-msizer.o)
 .debug_frame   0x0000000000001b68       0x20 d:/wch/mounriver_studio2/resources/app/resources/win32/components/wch/toolchain/risc-v embedded gcc/bin/../lib/gcc/riscv-none-embed/8.2.0/../../../../riscv-none-embed/lib/rv32imac/ilp32\libnosys.a(close.o)
 .debug_frame   0x0000000000001b88       0x20 d:/wch/mounriver_studio2/resources/app/resources/win32/components/wch/toolchain/risc-v embedded gcc/bin/../lib/gcc/riscv-none-embed/8.2.0/../../../../riscv-none-embed/lib/rv32imac/ilp32\libnosys.a(fstat.o)
 .debug_frame   0x0000000000001ba8       0x20 d:/wch/mounriver_studio2/resources/app/resources/win32/components/wch/toolchain/risc-v embedded gcc/bin/../lib/gcc/riscv-none-embed/8.2.0/../../../../riscv-none-embed/lib/rv32imac/ilp32\libnosys.a(isatty.o)
 .debug_frame   0x0000000000001bc8       0x20 d:/wch/mounriver_studio2/resources/app/resources/win32/components/wch/toolchain/risc-v embedded gcc/bin/../lib/gcc/riscv-none-embed/8.2.0/../../../../riscv-none-embed/lib/rv32imac/ilp32\libnosys.a(lseek.o)
 .debug_frame   0x0000000000001be8       0x20 d:/wch/mounriver_studio2/resources/app/resources/win32/components/wch/toolchain/risc-v embedded gcc/bin/../lib/gcc/riscv-none-embed/8.2.0/../../../../riscv-none-embed/lib/rv32imac/ilp32\libnosys.a(read.o)

.stab           0x0000000000000000       0x84
 .stab          0x0000000000000000       0x24 d:/wch/mounriver_studio2/resources/app/resources/win32/components/wch/toolchain/risc-v embedded gcc/bin/../lib/gcc/riscv-none-embed/8.2.0/../../../../riscv-none-embed/lib/rv32imac/ilp32\libnosys.a(close.o)
 .stab          0x0000000000000024       0x18 d:/wch/mounriver_studio2/resources/app/resources/win32/components/wch/toolchain/risc-v embedded gcc/bin/../lib/gcc/riscv-none-embed/8.2.0/../../../../riscv-none-embed/lib/rv32imac/ilp32\libnosys.a(fstat.o)
                                         0x24 (size before relaxing)
 .stab          0x000000000000003c       0x18 d:/wch/mounriver_studio2/resources/app/resources/win32/components/wch/toolchain/risc-v embedded gcc/bin/../lib/gcc/riscv-none-embed/8.2.0/../../../../riscv-none-embed/lib/rv32imac/ilp32\libnosys.a(isatty.o)
                                         0x24 (size before relaxing)
 .stab          0x0000000000000054       0x18 d:/wch/mounriver_studio2/resources/app/resources/win32/components/wch/toolchain/risc-v embedded gcc/bin/../lib/gcc/riscv-none-embed/8.2.0/../../../../riscv-none-embed/lib/rv32imac/ilp32\libnosys.a(lseek.o)
                                         0x24 (size before relaxing)
 .stab          0x000000000000006c       0x18 d:/wch/mounriver_studio2/resources/app/resources/win32/components/wch/toolchain/risc-v embedded gcc/bin/../lib/gcc/riscv-none-embed/8.2.0/../../../../riscv-none-embed/lib/rv32imac/ilp32\libnosys.a(read.o)
                                         0x24 (size before relaxing)

.stabstr        0x0000000000000000      0x117
 .stabstr       0x0000000000000000      0x117 d:/wch/mounriver_studio2/resources/app/resources/win32/components/wch/toolchain/risc-v embedded gcc/bin/../lib/gcc/riscv-none-embed/8.2.0/../../../../riscv-none-embed/lib/rv32imac/ilp32\libnosys.a(close.o)
